# reproduce pinned TSLA fit: lambdaYear 72.2299 vs 72.2299, jumpShare 0.572811 vs 0.572811

## window 10y: 2016-09-28..2026-09-28 (adjclose log returns, trading-day clock, annualized per calendar year)
| symbol | first | returns | xcheck max / >1e-3 | sample vol | ex. kurt | λ/yr | σJ | σJ / daily vol | jump vol | diffusion vol | jump share | LR vs GBM | >4σ data / Merton | weekly ex. kurt data / Merton | acf \|r\| lags 1–5 / 20–60 |
|---|---|---:|---:|---:|---:|---:|---:|---:|---:|---:|---:|---:|---:|---:|---:|
| TSLA | 2016-09-28 | 2512 | 2.2e-05 / 0 | 59.3% | 4.1 | 72 ± 17 | 5.26% ± 0.52% | 1.41 ± 0.13 | 44.7% | 38.6% | 57% ± 4% | 374 | 15 / 10.6 | 1.31 / 0.68 | 0.112 / 0.050 |
| AAPL | 2016-09-28 | 2512 | 7.3e-04 / 0 | 29.0% | 6.6 | 128 ± 24 | 2.12% ± 0.17% | 1.18 ± 0.09 | 24.1% | 15.1% | 72% ± 4% | 502 | 15 / 7.5 | 0.93 / 0.61 | 0.205 / 0.054 |
| NVDA | 2016-09-28 | 2512 | 2.3e-04 / 0 | 49.7% | 6.4 | 100 ± 36 | 3.70% ± 0.48% | 1.20 ± 0.15 | 37.1% | 31.5% | 58% ± 7% | 344 | 14 / 6.7 | 1.43 / 0.51 | 0.150 / 0.039 |
| MSFT | 2016-09-28 | 2512 | 3.5e-05 / 0 | 27.7% | 8.8 | 93 ± 23 | 2.24% ± 0.23% | 1.31 ± 0.12 | 21.7% | 16.2% | 64% ± 5% | 505 | 15 / 8.7 | 4.72 / 0.67 | 0.234 / 0.059 |
| AMZN | 2016-09-28 | 2512 | 5.2e-04 / 0 | 33.0% | 5.4 | 86 ± 21 | 2.74% ± 0.26% | 1.33 ± 0.12 | 25.4% | 20.4% | 61% ± 5% | 408 | 13 / 9.2 | 3.30 / 0.65 | 0.156 / 0.065 |
| META | 2016-09-28 | 2512 | 2.9e-05 / 0 | 39.8% | 22.9 | 57 ± 10 | 3.97% ± 0.33% | 1.66 ± 0.12 | 30.1% | 23.1% | 63% ± 3% | 850 | 14 / 13.1 | 9.30 / 1.05 | 0.122 / 0.055 |
| GOOGL | 2016-09-28 | 2512 | 3.0e-04 / 0 | 29.5% | 4.3 | 106 ± 24 | 2.30% ± 0.22% | 1.25 ± 0.11 | 23.8% | 17.0% | 66% ± 4% | 413 | 18 / 8.6 | 1.00 / 0.62 | 0.152 / 0.045 |
| AMD | 2016-09-28 | 2512 | 7.9e-04 / 0 | 56.7% | 4.6 | 110 ± 24 | 4.26% ± 0.37% | 1.20 ± 0.10 | 44.6% | 34.0% | 63% ± 4% | 344 | 13 / 7.5 | 2.53 / 0.55 | 0.083 / 0.026 |
| NFLX | 2016-09-28 | 2512 | 7.9e-04 / 0 | 42.1% | 34.2 | 59 ± 10 | 4.08% ± 0.33% | 1.61 ± 0.11 | 31.3% | 25.2% | 61% ± 3% | 753 | 12 / 12.0 | 9.92 / 0.94 | 0.107 / 0.056 |
| COIN | 2021-04-14 | 1370 | 9.3e-05 / 0 | 84.0% | 2.5 | 112 ± 103 | 5.60% ± 1.67% | 1.06 ± 0.31 | 60.1% | 58.1% | 52% ± 18% | 95 | 7 / 2.8 | 1.39 / 0.36 | 0.136 / 0.057 |
| PLTR | 2020-09-30 | 1504 | 1.2e-07 / 0 | 68.4% | 5.2 | 50 ± 23 | 6.86% ± 1.21% | 1.60 ± 0.26 | 49.0% | 47.2% | 52% ± 7% | 254 | 12 / 8.0 | 3.29 / 0.81 | 0.104 / 0.038 |
| MSTR | 2016-09-28 | 2512 | 4.0e-05 / 0 | 74.8% | 6.4 | 231 ± 15 | 4.57% ± 0.17% | 1.01 ± 0.03 | 69.5% | 18.2% | 94% ± 1% | 876 | 21 / 5.8 | 4.18 / 0.57 | 0.280 / 0.194 |
| SPY | 2016-09-28 | 2512 | 2.0e-03 / 2 | 18.0% | 15.3 | 74 ± 13 | 1.64% ± 0.13% | 1.51 ± 0.10 | 14.3% | 9.7% | 69% ± 3% | 839 | 20 / 11.8 | 8.36 / 0.96 | 0.370 / 0.090 |
# jump share: min 51.7%  median 63.0%  max 93.6%; inverse-variance mean 84.6%; chi2 vs one common share 412.4 on 12 dof (p 8.9e-81)
# weekly excess kurtosis above the i.i.d.-jump prediction: 13 of 13; acf |r| lags 20–60 > 0: 13 of 13
# sample vol at or below TSLA's pinned jump vol 44.7% (refused by today's teacher at their own vol): AAPL, MSFT, AMZN, META, GOOGL, NFLX, SPY

## window 5y: 2021-09-28..2026-09-28 (adjclose log returns, trading-day clock, annualized per calendar year)
| symbol | first | returns | xcheck max / >1e-3 | sample vol | ex. kurt | λ/yr | σJ | σJ / daily vol | jump vol | diffusion vol | jump share | LR vs GBM | >4σ data / Merton | weekly ex. kurt data / Merton | acf \|r\| lags 1–5 / 20–60 |
|---|---|---:|---:|---:|---:|---:|---:|---:|---:|---:|---:|---:|---:|---:|---:|
| TSLA | 2021-09-28 | 1254 | 2.2e-05 / 0 | 59.6% | 2.6 | 56 ± 30 | 5.15% ± 0.99% | 1.37 ± 0.25 | 38.8% | 45.2% | 42% ± 8% | 97 | 5 / 4.0 | 1.30 / 0.48 | 0.041 / 0.023 |
| AAPL | 2021-09-28 | 1254 | 2.9e-05 / 0 | 27.9% | 5.7 | 171 ± 58 | 1.78% ± 0.23% | 1.03 ± 0.13 | 23.3% | 14.3% | 73% ± 8% | 181 | 6 / 2.8 | 6.23 / 0.47 | 0.138 / 0.042 |
| NVDA | 2021-09-28 | 1254 | 3.6e-05 / 0 | 51.4% | 3.7 | 72 ± 52 | 4.02% ± 1.00% | 1.25 ± 0.30 | 34.1% | 37.9% | 45% ± 12% | 102 | 5 / 3.2 | 0.72 / 0.42 | 0.091 / 0.056 |
| MSFT | 2021-09-28 | 1254 | 1.6e-05 / 0 | 28.0% | 6.1 | 91 ± 61 | 2.13% ± 0.50% | 1.22 ± 0.28 | 20.4% | 18.5% | 55% ± 12% | 156 | 6 / 3.4 | 4.43 / 0.49 | 0.103 / 0.051 |
| AMZN | 2021-09-28 | 1254 | 4.7e-05 / 0 | 36.3% | 5.3 | 22 ± 7 | 4.79% ± 0.70% | 2.09 ± 0.28 | 22.6% | 28.4% | 39% ± 6% | 184 | 8 / 8.4 | 1.38 / 1.02 | 0.090 / 0.042 |
| META | 2021-09-28 | 1254 | 2.1e-05 / 0 | 45.6% | 22.6 | 26 ± 10 | 6.28% ± 1.18% | 2.25 ± 0.37 | 32.3% | 30.2% | 53% ± 5% | 438 | 8 / 10.8 | 4.20 / 1.63 | 0.079 / 0.038 |
| GOOGL | 2021-09-28 | 1254 | 3.9e-05 / 0 | 32.0% | 3.0 | 60 ± 25 | 2.87% ± 0.45% | 1.42 ± 0.21 | 22.2% | 23.1% | 48% ± 7% | 127 | 6 / 4.8 | 0.14 / 0.58 | 0.058 / 0.023 |
| AMD | 2021-09-28 | 1254 | 5.2e-05 / 0 | 56.8% | 3.4 | 128 ± 57 | 3.81% ± 0.60% | 1.07 ± 0.16 | 43.1% | 36.1% | 59% ± 9% | 115 | 5 / 2.7 | 0.67 / 0.41 | 0.064 / 0.027 |
| NFLX | 2021-09-28 | 1254 | 7.0e-05 / 0 | 45.2% | 47.8 | 38 ± 8 | 5.26% ± 0.59% | 1.97 ± 0.19 | 32.2% | 27.4% | 58% ± 4% | 499 | 5 / 8.1 | 18.78 / 1.34 | 0.092 / 0.063 |
| COIN | 2021-09-28 | 1254 | 9.3e-05 / 0 | 86.0% | 2.4 | 77 ± 55 | 6.42% ± 1.55% | 1.18 ± 0.28 | 57.2% | 64.0% | 44% ± 12% | 82 | 4 / 3.0 | 2.67 / 0.38 | 0.130 / 0.050 |
| PLTR | 2021-09-28 | 1254 | 1.2e-07 / 0 | 65.6% | 5.9 | 28 ± 12 | 8.09% ± 1.37% | 1.96 ± 0.31 | 43.0% | 49.3% | 43% ± 6% | 208 | 10 / 8.4 | 2.59 / 1.00 | 0.066 / 0.021 |
| MSTR | 2021-09-28 | 1254 | 4.0e-05 / 0 | 90.6% | 2.8 | 38 ± 17 | 9.08% ± 1.60% | 1.59 ± 0.27 | 56.3% | 71.0% | 39% ± 7% | 110 | 6 / 5.3 | 1.40 / 0.59 | 0.141 / 0.036 |
| SPY | 2021-09-28 | 1254 | 2.0e-03 / 2 | 17.1% | 7.9 | 168 ± 61 | 1.07% ± 0.14% | 1.02 ± 0.13 | 14.0% | 9.1% | 70% ± 9% | 183 | 6 / 2.6 | 3.59 / 0.44 | 0.194 / 0.079 |
# jump share: min 38.6%  median 48.0%  max 72.7%; inverse-variance mean 51.3%; chi2 vs one common share 27.7 on 12 dof (p 0.0061)
# weekly excess kurtosis above the i.i.d.-jump prediction: 12 of 13; acf |r| lags 20–60 > 0: 13 of 13
# sample vol at or below TSLA's pinned jump vol 44.7% (refused by today's teacher at their own vol): AAPL, MSFT, AMZN, GOOGL, SPY

wrote ml/multi_stock_jumps.json
