# device NVIDIA GeForce RTX 3090; 1048576 paths, seed 9100; product ki 6000 / ac 10000 / coupon 25, tNext 86400 s, 24 states

## A. K2 product at total vol 55%: stock's jump shape vs the pinned teacher (jump share 66% at 55%)
# reference: pinned − GBM max |diff| 30.0 bps (obs 13 clean spot 7000), max label stderr 1.62 bps
| fit | window | λ/yr | jump share | max \|Δ\| vs pinned (bps) | at state | mean \|Δ\| | states \|z\|>3 |
|---|---|---:|---:|---:|---|---:|---:|
| TSLA | 10y | 72 | 57% | -6.4 ± 1.6 | obs 13 clean spot 7000 | 1.9 | 6 |
| AAPL | 10y | 128 | 72% | +11.7 ± 1.8 | obs 26 KI spot 9500 | 4.0 | 15 |
| NVDA | 10y | 100 | 58% | +12.1 ± 1.8 | obs 26 KI spot 9500 | 4.4 | 16 |
| MSFT | 10y | 93 | 64% | +12.0 ± 1.5 | obs 13 KI spot 9500 | 4.3 | 16 |
| AMZN | 10y | 86 | 61% | +8.3 ± 1.9 | obs 26 KI spot 9500 | 2.9 | 12 |
| META | 10y | 57 | 63% | -11.9 ± 1.1 | obs 2 clean spot 7000 | 3.9 | 13 |
| GOOGL | 10y | 106 | 66% | +12.4 ± 1.8 | obs 26 KI spot 9500 | 4.5 | 16 |
| AMD | 10y | 110 | 63% | -13.6 ± 1.6 | obs 13 clean spot 7000 | 2.7 | 7 |
| NFLX | 10y | 59 | 61% | +1.8 ± 1.6 | obs 13 clean spot 7000 | 0.6 | 2 |
| COIN | 10y | 112 | 52% | -26.5 ± 1.6 | obs 13 clean spot 7000 | 4.8 | 11 |
| PLTR | 10y | 50 | 52% | +23.7 ± 1.0 | obs 2 clean spot 7000 | 6.5 | 18 |
| MSTR | 10y | 231 | 94% | -11.3 ± 1.6 | obs 13 clean spot 7000 | 3.1 | 10 |
| SPY | 10y | 74 | 69% | -22.0 ± 1.1 | obs 2 clean spot 7000 | 8.4 | 21 |
| TSLA | 5y | 56 | 42% | -11.8 ± 2.0 | obs 13 clean spot 8500 | 4.7 | 18 |
| AAPL | 5y | 171 | 73% | +13.6 ± 1.8 | obs 26 KI spot 9500 | 4.9 | 17 |
| NVDA | 5y | 72 | 45% | -14.1 ± 1.6 | obs 13 clean spot 7000 | 4.3 | 16 |
| MSFT | 5y | 91 | 55% | +10.9 ± 1.8 | obs 26 KI spot 9500 | 4.2 | 14 |
| AMZN | 5y | 22 | 39% | -8.6 ± 0.4 | obs 2 clean spot 5500 | 1.9 | 6 |
| META | 5y | 26 | 53% | +23.5 ± 1.7 | obs 13 clean spot 7000 | 3.5 | 10 |
| GOOGL | 5y | 60 | 48% | -9.5 ± 1.6 | obs 13 clean spot 7000 | 3.3 | 16 |
| AMD | 5y | 128 | 59% | -18.6 ± 1.6 | obs 13 clean spot 7000 | 4.0 | 14 |
| NFLX | 5y | 38 | 58% | +11.4 ± 1.7 | obs 13 clean spot 7000 | 2.5 | 10 |
| COIN | 5y | 77 | 44% | -24.7 ± 1.6 | obs 13 clean spot 7000 | 4.4 | 9 |
| PLTR | 5y | 28 | 43% | +14.8 ± 1.0 | obs 2 clean spot 7000 | 4.2 | 16 |
| MSTR | 5y | 38 | 39% | -17.4 ± 1.6 | obs 13 clean spot 7000 | 3.2 | 9 |
| SPY | 5y | 168 | 70% | +16.7 ± 1.8 | obs 26 KI spot 9500 | 6.0 | 18 |
# max |Δ| across fits: median 12.3, max 26.5 bps; 28s

## B. Each stock at its own fitted total vol: own shape vs the fixed-share rule (TSLA 10y shape, 57%) and GBM
| fit | window | total vol | jump share | max \|own − rule\| (bps) | at state | max \|own − GBM\| (bps) | at state |
|---|---|---:|---:|---:|---|---:|---|
| TSLA | 10y | 59.1% | 57% | +0.0 ± 0.8 | obs 26 clean spot 5500 | +22.9 ± 1.5 | obs 13 clean spot 7000 |
| AAPL | 10y | 28.4% | 72% | -3.7 ± 1.4 | obs 26 clean spot 8500 | +11.9 ± 1.9 | obs 26 clean spot 7000 |
| NVDA | 10y | 48.7% | 58% | +6.8 ± 1.3 | obs 13 KI spot 9500 | +20.3 ± 1.8 | obs 13 clean spot 7000 |
| MSFT | 10y | 27.0% | 64% | -4.0 ± 1.2 | obs 26 clean spot 8500 | +13.9 ± 2.0 | obs 26 clean spot 7000 |
| AMZN | 10y | 32.6% | 61% | -3.2 ± 1.7 | obs 26 clean spot 8500 | +16.3 ± 2.0 | obs 13 clean spot 7000 |
| META | 10y | 37.9% | 63% | +11.3 ± 1.6 | obs 26 clean spot 7000 | +30.6 ± 2.0 | obs 13 clean spot 7000 |
| GOOGL | 10y | 29.3% | 66% | -4.6 ± 1.4 | obs 26 clean spot 8500 | +12.6 ± 1.9 | obs 26 clean spot 7000 |
| AMD | 10y | 56.1% | 63% | -7.4 ± 1.6 | obs 13 clean spot 7000 | +18.8 ± 0.3 | obs 2 clean spot 5500 |
| NFLX | 10y | 40.2% | 61% | +7.4 ± 2.0 | obs 13 clean spot 7000 | +28.7 ± 2.0 | obs 13 clean spot 7000 |
| COIN | 10y | 83.6% | 52% | -18.8 ± 1.3 | obs 13 clean spot 7000 | -37.5 ± 2.0 | obs 13 KI spot 9500 |
| PLTR | 10y | 68.1% | 52% | +24.1 ± 1.4 | obs 2 clean spot 7000 | -41.7 ± 1.7 | obs 13 KI spot 9500 |
| MSTR | 10y | 71.9% | 94% | +7.7 ± 0.6 | obs 2 clean spot 5500 | +29.7 ± 0.5 | obs 2 clean spot 5500 |
| SPY | 10y | 17.2% | 69% | -12.3 ± 1.1 | obs 13 clean spot 7000 | -11.5 ± 1.1 | obs 13 clean spot 7000 |
| TSLA | 5y | 59.6% | 42% | +8.5 ± 1.6 | obs 13 KI spot 9500 | +19.6 ± 1.5 | obs 13 clean spot 7000 |
| AAPL | 5y | 27.4% | 73% | -6.0 ± 1.9 | obs 13 clean spot 7000 | +10.2 ± 1.9 | obs 26 clean spot 7000 |
| NVDA | 5y | 51.0% | 45% | -7.6 ± 1.7 | obs 13 clean spot 7000 | +15.4 ± 1.7 | obs 13 clean spot 7000 |
| MSFT | 5y | 27.6% | 55% | -3.1 ± 1.9 | obs 13 clean spot 7000 | +10.3 ± 1.9 | obs 13 clean spot 7000 |
| AMZN | 5y | 36.3% | 39% | +7.3 ± 2.0 | obs 13 clean spot 7000 | +26.8 ± 2.0 | obs 13 clean spot 7000 |
| META | 5y | 44.2% | 53% | +27.1 ± 1.9 | obs 13 clean spot 7000 | +49.0 ± 1.9 | obs 13 clean spot 7000 |
| GOOGL | 5y | 32.0% | 48% | -2.0 ± 2.0 | obs 13 clean spot 7000 | +15.2 ± 2.0 | obs 13 clean spot 7000 |
| AMD | 5y | 56.3% | 59% | -12.1 ± 1.6 | obs 13 clean spot 7000 | +15.1 ± 0.3 | obs 2 clean spot 5500 |
| NFLX | 5y | 42.3% | 58% | +18.1 ± 2.0 | obs 13 clean spot 7000 | +39.6 ± 2.0 | obs 13 clean spot 7000 |
| COIN | 5y | 85.8% | 44% | -18.5 ± 1.3 | obs 13 clean spot 7000 | -38.0 ± 2.1 | obs 13 KI spot 9500 |
| PLTR | 5y | 65.5% | 43% | +16.0 ± 1.3 | obs 2 clean spot 7000 | -33.7 ± 1.7 | obs 13 KI spot 9500 |
| MSTR | 5y | 90.6% | 39% | -12.8 ± 1.3 | obs 13 clean spot 7000 | -42.2 ± 2.1 | obs 13 KI spot 9500 |
| SPY | 5y | 16.7% | 70% | -5.4 ± 1.7 | obs 26 clean spot 7000 | -4.7 ± 1.0 | obs 13 clean spot 7000 |
# max |own − rule|: median 7.5, max 27.1 bps;  max |own − GBM|: median 20.0, max 49.0 bps; 76s

wrote ml/multi_stock_prices.json
