snapshot tsla_options_20260929.json: https://api.nasdaq.com/api/quote/TSLA/option-chain?assetclass=stocks&limit=500&fromdate=2027-03-19&todate=2027-03-19&money=all&type=all fetched 2026-09-29T21:23:45+00:00
spot 352.84 (LAST TRADE: $352.84 (AS OF SEP 29, 2026)); expiry 2027-03-19; t = 0.4685 y; r = 0.04
| strike | K/S | side | bid | ask | mid IV | model IV (jump teacher, 55% total) |
|---:|---:|---|---:|---:|---:|---:|
| 195 | 0.553 | put | 1.38 | 1.52 | 0.5106 | 0.5506 |
| 200 | 0.567 | put | 1.62 | 1.70 | 0.5051 | 0.5505 |
| 210 | 0.595 | put | 2.03 | 2.44 | 0.4983 | 0.5502 |
| 220 | 0.624 | put | 2.53 | 2.81 | 0.4803 | 0.5500 |
| 230 | 0.652 | put | 3.15 | 3.70 | 0.4714 | 0.5498 |
| 240 | 0.680 | put | 3.95 | 4.70 | 0.4624 | 0.5496 |
| 250 | 0.709 | put | 5.25 | 5.60 | 0.4541 | 0.5495 |
| 260 | 0.737 | put | 6.60 | 7.00 | 0.4476 | 0.5494 |
| 270 | 0.765 | put | 8.30 | 8.60 | 0.4417 | 0.5493 |
| 280 | 0.794 | put | 10.35 | 10.65 | 0.4380 | 0.5493 |
| 290 | 0.822 | put | 12.65 | 13.05 | 0.4341 | 0.5492 |
| 295 | 0.836 | put | 14.00 | 14.40 | 0.4328 | 0.5492 |
| 300 | 0.850 | put | 15.40 | 15.80 | 0.4310 | 0.5492 |
| 305 | 0.864 | put | 16.95 | 17.40 | 0.4304 | 0.5492 |
| 310 | 0.879 | put | 18.60 | 19.05 | 0.4295 | 0.5492 |
| 315 | 0.893 | put | 20.30 | 20.60 | 0.4271 | 0.5492 |
| 320 | 0.907 | put | 22.15 | 22.55 | 0.4269 | 0.5492 |
| 325 | 0.921 | put | 24.10 | 24.60 | 0.4267 | 0.5492 |
| 330 | 0.935 | put | 26.10 | 26.70 | 0.4260 | 0.5492 |
| 335 | 0.949 | put | 28.35 | 28.85 | 0.4258 | 0.5492 |
| 340 | 0.964 | put | 30.60 | 31.10 | 0.4251 | 0.5492 |
| 345 | 0.978 | put | 33.00 | 33.35 | 0.4241 | 0.5493 |
| 350 | 0.992 | put | 35.45 | 36.00 | 0.4246 | 0.5493 |
| 355 | 1.006 | call | 43.60 | 44.20 | 0.4366 | 0.5493 |
| 360 | 1.020 | call | 41.35 | 41.90 | 0.4358 | 0.5493 |
| 365 | 1.034 | call | 39.20 | 39.75 | 0.4354 | 0.5494 |
| 370 | 1.049 | call | 37.25 | 37.70 | 0.4356 | 0.5494 |
| 375 | 1.063 | call | 35.15 | 35.80 | 0.4349 | 0.5494 |
| 380 | 1.077 | call | 33.35 | 33.90 | 0.4349 | 0.5494 |
| 385 | 1.091 | call | 31.60 | 32.15 | 0.4352 | 0.5495 |
| 390 | 1.105 | call | 29.90 | 30.45 | 0.4350 | 0.5495 |
| 395 | 1.119 | call | 28.35 | 28.85 | 0.4354 | 0.5496 |
| 400 | 1.134 | call | 26.85 | 27.25 | 0.4353 | 0.5496 |
| 405 | 1.148 | call | 25.40 | 25.90 | 0.4360 | 0.5496 |
| 410 | 1.162 | call | 24.00 | 24.55 | 0.4363 | 0.5497 |
| 415 | 1.176 | call | 22.75 | 23.25 | 0.4369 | 0.5497 |
| 420 | 1.190 | call | 21.50 | 22.05 | 0.4373 | 0.5498 |
| 425 | 1.205 | call | 20.35 | 20.90 | 0.4379 | 0.5498 |
| 430 | 1.219 | call | 19.30 | 19.75 | 0.4385 | 0.5499 |
| 435 | 1.233 | call | 18.25 | 18.75 | 0.4392 | 0.5499 |
| 440 | 1.247 | call | 17.30 | 17.80 | 0.4402 | 0.5499 |
# K/S 0.55-0.70: market IV mean 0.4880 (min 0.4624, max 0.5106); model 0.5501
# K/S 0.70-0.90: market IV mean 0.4366 (min 0.4271, max 0.4541); model 0.5493
# K/S 0.95-1.05: market IV mean 0.4310 (min 0.4241, max 0.4366); model 0.5493
# K/S 1.05-1.25: market IV mean 0.4367 (min 0.4349, max 0.4402); model 0.5497
