# Merton under Q fitted to listed OTM option mids (Black-76 on parity forwards, r = 0.04); IV in %

## TSLA  spot 354.81 as of 2026-09-30  (279 quotes, 4 expiries)
fit: lambda 0.08/yr  muJ -0.370  sigmaJ 0.786  sigma_d 0.413  -> total vol 47.7%, jump share 25%, RMSE 0.85 vol pts
history (10y): lambda 72.2/yr  muJ -0.0000  sigmaJ 0.0526  share 57%
| expiry | T (y) | fwd / spot | 0.6 | 0.7 | 0.8 | 0.9 | 1.0 | 1.1 | 1.2 | skew 0.7-1.0 | fit RMSE |
|---|---:|---:|---:|---:|---:|---:|---:|---:|---:|---:|---:|
| 2026-11-20 mkt | 0.140 | 1.0059 | 63.8 | 52.1 | 45.6 | 43.5 | 43.5 | 44.0 | 45.2 | +8.6 | 0.84 |
| 2026-11-20 fit | | | 64.2 | 51.6 | 45.4 | 43.5 | 43.1 | 43.2 | 44.0 | +8.6 | |
| 2026-11-20 v3 @ATM | | | 44.7 | 44.0 | 43.6 | 43.4 | 43.3 | 43.4 | 43.6 | +0.7 | |
| 2026-12-18 mkt | 0.216 | 1.0090 | 55.4 | 47.4 | 43.8 | 42.2 | 42.3 | 42.3 | 43.6 | +5.1 | 0.85 |
| 2026-12-18 fit | | | 56.0 | 48.2 | 44.8 | 43.7 | 43.4 | 43.5 | 43.9 | +4.8 | |
| 2026-12-18 v3 @ATM | | | 42.8 | 42.5 | 42.3 | 42.2 | 42.2 | 42.2 | 42.3 | +0.3 | |
| 2027-03-19 mkt | 0.466 | 1.0209 | 49.0 | 45.6 | 44.1 | 43.4 | 43.7 | 43.6 | 44.0 | +1.8 | 0.48 |
| 2027-03-19 fit | | | 48.5 | 45.9 | 44.7 | 44.2 | 44.0 | 44.0 | 44.2 | +1.9 | |
| 2027-03-19 v3 @ATM | | | 43.8 | 43.7 | 43.7 | 43.7 | 43.7 | 43.7 | 43.7 | +0.0 | |
| 2027-06-17 mkt | 0.712 | 1.0337 | 48.5 | 46.2 | 45.3 | 44.8 | 44.4 | 44.7 | 44.9 | +1.9 | 1.16 |
| 2027-06-17 fit | | | 47.0 | 45.6 | 44.9 | 44.5 | 44.4 | 44.4 | 44.5 | +1.2 | |
| 2027-06-17 v3 @ATM | | | 44.4 | 44.3 | 44.3 | 44.3 | 44.3 | 44.3 | 44.4 | +0.0 | |

## AAPL  spot 333.02 as of 2026-09-30  (146 quotes, 4 expiries)
fit: lambda 0.29/yr  muJ -0.208  sigmaJ 0.189  sigma_d 0.235  -> total vol 28.0%, jump share 30%, RMSE 1.12 vol pts
history (10y): lambda 127.8/yr  muJ -0.0015  sigmaJ 0.0212  share 72%
| expiry | T (y) | fwd / spot | 0.6 | 0.7 | 0.8 | 0.9 | 1.0 | 1.1 | 1.2 | skew 0.7-1.0 | fit RMSE |
|---|---:|---:|---:|---:|---:|---:|---:|---:|---:|---:|---:|
| 2026-11-20 mkt | 0.140 | 1.0057 | nan | 42.4 | 34.3 | 28.9 | 26.0 | 24.5 | 25.2 | +16.4 | 1.06 |
| 2026-11-20 fit | | | 51.2 | 44.4 | 35.6 | 28.2 | 25.5 | 24.8 | 24.8 | +18.8 | |
| 2026-11-20 v3 @ATM | | | 28.0 | 27.0 | 26.3 | 26.0 | 25.9 | 26.0 | 26.3 | +1.2 | |
| 2026-12-18 mkt | 0.216 | 1.0089 | nan | 37.8 | 31.8 | 27.8 | 25.6 | 23.9 | 24.0 | +12.3 | 0.80 |
| 2026-12-18 fit | | | 44.2 | 38.7 | 32.3 | 27.8 | 25.9 | 25.1 | 24.9 | +12.9 | |
| 2026-12-18 v3 @ATM | | | 26.5 | 26.0 | 25.7 | 25.5 | 25.5 | 25.6 | 25.7 | +0.5 | |
| 2027-03-19 mkt | 0.466 | 1.0198 | 37.1 | 33.4 | 30.3 | 27.9 | 26.3 | 25.5 | 24.9 | +7.1 | 1.03 |
| 2027-03-19 fit | | | 35.5 | 32.2 | 29.3 | 27.4 | 26.4 | 25.8 | 25.4 | +5.8 | |
| 2027-03-19 v3 @ATM | | | 26.5 | 26.4 | 26.3 | 26.3 | 26.2 | 26.3 | 26.3 | +0.1 | |
| 2027-06-17 mkt | 0.712 | 1.0317 | 35.3 | 32.1 | 29.9 | 28.2 | 27.2 | 26.1 | 25.7 | +4.8 | 1.48 |
| 2027-06-17 fit | | | 32.4 | 30.2 | 28.5 | 27.4 | 26.6 | 26.1 | 25.8 | +3.6 | |
| 2027-06-17 v3 @ATM | | | 27.3 | 27.2 | 27.2 | 27.2 | 27.2 | 27.2 | 27.2 | +0.0 | |

## NVDA  spot 228.38 as of 2026-09-30  (244 quotes, 4 expiries)
fit: lambda 0.26/yr  muJ -0.287  sigmaJ 0.354  sigma_d 0.332  -> total vol 40.4%, jump share 33%, RMSE 0.76 vol pts
history (10y): lambda 100.2/yr  muJ -0.0026  sigmaJ 0.0370  share 58%
| expiry | T (y) | fwd / spot | 0.6 | 0.7 | 0.8 | 0.9 | 1.0 | 1.1 | 1.2 | skew 0.7-1.0 | fit RMSE |
|---|---:|---:|---:|---:|---:|---:|---:|---:|---:|---:|---:|
| 2026-11-20 mkt | 0.140 | 1.0060 | 63.6 | 53.0 | 44.3 | 39.0 | 36.5 | 35.1 | 35.2 | +16.5 | 0.71 |
| 2026-11-20 fit | | | 64.8 | 53.5 | 43.3 | 37.8 | 35.9 | 35.3 | 35.5 | +17.6 | |
| 2026-11-20 v3 @ATM | | | 38.0 | 37.2 | 36.7 | 36.4 | 36.3 | 36.4 | 36.7 | +0.8 | |
| 2026-12-18 mkt | 0.216 | 1.0079 | 56.3 | 47.3 | 40.8 | 37.8 | 35.8 | 34.7 | 34.3 | +11.5 | 0.78 |
| 2026-12-18 fit | | | 56.3 | 47.8 | 41.2 | 37.8 | 36.3 | 35.7 | 35.6 | +11.4 | |
| 2026-12-18 v3 @ATM | | | 36.4 | 36.0 | 35.8 | 35.7 | 35.7 | 35.7 | 35.8 | +0.4 | |
| 2027-03-19 mkt | 0.466 | 1.0193 | 47.1 | 43.0 | 40.1 | 38.2 | 37.1 | 36.1 | 36.1 | +5.9 | 0.57 |
| 2027-03-19 fit | | | 46.2 | 42.2 | 39.6 | 38.0 | 37.1 | 36.6 | 36.3 | +5.1 | |
| 2027-03-19 v3 @ATM | | | 37.2 | 37.1 | 37.1 | 37.1 | 37.1 | 37.1 | 37.1 | +0.1 | |
| 2027-06-17 mkt | 0.712 | 1.0303 | 44.6 | 41.5 | 40.0 | 38.6 | 38.0 | 37.2 | 36.9 | +3.6 | 0.96 |
| 2027-06-17 fit | | | 43.1 | 40.8 | 39.2 | 38.2 | 37.5 | 37.0 | 36.7 | +3.3 | |
| 2027-06-17 v3 @ATM | | | 38.0 | 38.0 | 37.9 | 37.9 | 37.9 | 38.0 | 38.0 | +0.0 | |

## MSFT  spot 512.9 as of 2026-09-30  (239 quotes, 4 expiries)
fit: lambda 0.17/yr  muJ -0.276  sigmaJ 0.264  sigma_d 0.295  -> total vol 33.4%, jump share 22%, RMSE 0.78 vol pts
history (10y): lambda 92.7/yr  muJ -0.0020  sigmaJ 0.0224  share 64%
| expiry | T (y) | fwd / spot | 0.6 | 0.7 | 0.8 | 0.9 | 1.0 | 1.1 | 1.2 | skew 0.7-1.0 | fit RMSE |
|---|---:|---:|---:|---:|---:|---:|---:|---:|---:|---:|---:|
| 2026-11-20 mkt | 0.140 | 1.0060 | nan | nan | 39.2 | 34.0 | 32.2 | 31.5 | 31.2 | +nan | 1.27 |
| 2026-11-20 fit | | | 56.6 | 46.9 | 37.4 | 32.5 | 31.0 | 30.6 | 30.5 | +15.8 | |
| 2026-11-20 v3 @ATM | | | 33.9 | 33.0 | 32.5 | 32.2 | 32.1 | 32.2 | 32.4 | +1.0 | |
| 2026-12-18 mkt | 0.216 | 1.0078 | nan | 40.8 | 34.6 | 32.1 | 30.8 | 29.8 | 30.2 | +10.0 | 0.87 |
| 2026-12-18 fit | | | 48.7 | 41.2 | 35.2 | 32.4 | 31.3 | 30.8 | 30.6 | +10.0 | |
| 2026-12-18 v3 @ATM | | | 31.6 | 31.1 | 30.9 | 30.7 | 30.7 | 30.7 | 30.9 | +0.4 | |
| 2027-03-19 mkt | 0.466 | 1.0177 | 38.6 | 36.1 | 33.5 | 32.2 | 31.4 | 30.7 | 30.5 | +4.7 | 0.43 |
| 2027-03-19 fit | | | 39.2 | 35.8 | 33.6 | 32.4 | 31.7 | 31.3 | 31.1 | +4.1 | |
| 2027-03-19 v3 @ATM | | | 31.5 | 31.4 | 31.4 | 31.3 | 31.3 | 31.4 | 31.4 | +0.1 | |
| 2027-06-17 mkt | 0.712 | 1.0282 | 37.5 | 34.9 | 33.4 | 32.5 | 32.1 | 31.3 | 31.2 | +2.8 | 0.39 |
| 2027-06-17 fit | | | 36.4 | 34.4 | 33.2 | 32.4 | 31.9 | 31.6 | 31.3 | +2.5 | |
| 2027-06-17 v3 @ATM | | | 32.1 | 32.1 | 32.1 | 32.1 | 32.1 | 32.1 | 32.1 | +0.0 | |

## AMZN  spot 249.15 as of 2026-09-30  (182 quotes, 4 expiries)
fit: lambda 0.22/yr  muJ -0.200  sigmaJ 0.334  sigma_d 0.335  -> total vol 38.3%, jump share 23%, RMSE 1.09 vol pts
history (10y): lambda 85.7/yr  muJ -0.0013  sigmaJ 0.0274  share 61%
| expiry | T (y) | fwd / spot | 0.6 | 0.7 | 0.8 | 0.9 | 1.0 | 1.1 | 1.2 | skew 0.7-1.0 | fit RMSE |
|---|---:|---:|---:|---:|---:|---:|---:|---:|---:|---:|---:|
| 2026-11-20 mkt | 0.140 | 1.0059 | nan | 48.9 | 42.4 | 38.9 | 38.1 | 37.4 | 37.9 | +10.8 | 1.84 |
| 2026-11-20 fit | | | 59.5 | 49.1 | 40.5 | 36.7 | 35.5 | 35.3 | 35.7 | +13.6 | |
| 2026-11-20 v3 @ATM | | | 39.5 | 38.7 | 38.2 | 38.0 | 37.9 | 38.0 | 38.2 | +0.8 | |
| 2026-12-18 mkt | 0.216 | 1.0092 | 50.0 | 43.7 | 38.8 | 36.3 | 35.9 | 35.1 | 35.8 | +7.8 | 0.54 |
| 2026-12-18 fit | | | 51.5 | 44.0 | 39.0 | 36.7 | 35.8 | 35.6 | 35.7 | +8.1 | |
| 2026-12-18 v3 @ATM | | | 36.5 | 36.2 | 35.9 | 35.8 | 35.8 | 35.9 | 36.0 | +0.4 | |
| 2027-03-19 mkt | 0.466 | 1.0215 | 43.4 | 39.7 | 37.4 | 36.2 | 35.6 | 35.1 | 35.2 | +4.1 | 0.73 |
| 2027-03-19 fit | | | 42.5 | 39.6 | 37.8 | 36.9 | 36.3 | 36.1 | 36.0 | +3.2 | |
| 2027-03-19 v3 @ATM | | | 35.7 | 35.6 | 35.6 | 35.6 | 35.6 | 35.6 | 35.6 | +0.1 | |
| 2027-06-17 mkt | 0.712 | 1.0348 | 40.8 | 38.3 | 36.8 | 36.1 | 35.9 | 35.2 | 35.3 | +2.4 | 0.92 |
| 2027-06-17 fit | | | 40.2 | 38.6 | 37.6 | 37.0 | 36.6 | 36.4 | 36.2 | +2.0 | |
| 2027-06-17 v3 @ATM | | | 35.9 | 35.9 | 35.8 | 35.8 | 35.8 | 35.9 | 35.9 | +0.0 | |

## META  spot 725.18 as of 2026-09-30  (407 quotes, 4 expiries)
fit: lambda 0.76/yr  muJ -0.042  sigmaJ 0.242  sigma_d 0.377  -> total vol 43.4%, jump share 24%, RMSE 1.14 vol pts
history (10y): lambda 57.2/yr  muJ -0.0034  sigmaJ 0.0397  share 63%
| expiry | T (y) | fwd / spot | 0.6 | 0.7 | 0.8 | 0.9 | 1.0 | 1.1 | 1.2 | skew 0.7-1.0 | fit RMSE |
|---|---:|---:|---:|---:|---:|---:|---:|---:|---:|---:|---:|
| 2026-11-20 mkt | 0.140 | 1.0063 | 56.6 | 49.4 | 45.4 | 43.7 | 43.4 | 44.1 | 45.1 | +6.1 | 1.61 |
| 2026-11-20 fit | | | 55.8 | 49.1 | 44.3 | 42.2 | 41.6 | 41.8 | 42.8 | +7.6 | |
| 2026-11-20 v3 @ATM | | | 44.6 | 43.9 | 43.4 | 43.2 | 43.2 | 43.3 | 43.5 | +0.7 | |
| 2026-12-18 mkt | 0.216 | 1.0089 | 49.4 | 45.1 | 42.2 | 41.1 | 41.1 | 41.0 | 42.1 | +4.1 | 0.91 |
| 2026-12-18 fit | | | 49.8 | 45.8 | 43.4 | 42.3 | 41.9 | 42.0 | 42.5 | +3.9 | |
| 2026-12-18 v3 @ATM | | | 41.6 | 41.3 | 41.1 | 41.0 | 41.0 | 41.0 | 41.1 | +0.3 | |
| 2027-03-19 mkt | 0.466 | 1.0202 | 45.0 | 43.0 | 41.8 | 41.7 | 41.4 | 41.7 | 41.7 | +1.6 | 0.88 |
| 2027-03-19 fit | | | 44.8 | 43.6 | 43.0 | 42.6 | 42.5 | 42.5 | 42.6 | +1.2 | |
| 2027-03-19 v3 @ATM | | | 41.5 | 41.4 | 41.4 | 41.4 | 41.4 | 41.4 | 41.4 | +0.0 | |
| 2027-06-17 mkt | 0.712 | 1.0317 | 43.9 | 42.6 | 42.3 | 42.1 | 42.1 | 42.2 | 42.5 | +0.5 | 0.69 |
| 2027-06-17 fit | | | 43.8 | 43.3 | 42.9 | 42.8 | 42.7 | 42.7 | 42.7 | +0.6 | |
| 2027-06-17 v3 @ATM | | | 42.1 | 42.1 | 42.0 | 42.0 | 42.0 | 42.1 | 42.1 | +0.0 | |

## GOOGL  spot 344.08 as of 2026-09-30  (177 quotes, 4 expiries)
fit: lambda 0.45/yr  muJ -0.074  sigmaJ 0.257  sigma_d 0.317  -> total vol 36.4%, jump share 24%, RMSE 0.80 vol pts
history (10y): lambda 106.2/yr  muJ -0.0020  sigmaJ 0.0230  share 66%
| expiry | T (y) | fwd / spot | 0.6 | 0.7 | 0.8 | 0.9 | 1.0 | 1.1 | 1.2 | skew 0.7-1.0 | fit RMSE |
|---|---:|---:|---:|---:|---:|---:|---:|---:|---:|---:|---:|
| 2026-11-20 mkt | 0.140 | 1.0052 | nan | 46.7 | 39.0 | 36.3 | 35.7 | 36.6 | 37.2 | +11.1 | 1.42 |
| 2026-11-20 fit | | | 54.0 | 46.0 | 38.8 | 35.4 | 34.4 | 34.5 | 35.7 | +11.6 | |
| 2026-11-20 v3 @ATM | | | 37.2 | 36.4 | 35.9 | 35.6 | 35.5 | 35.6 | 35.8 | +0.9 | |
| 2026-12-18 mkt | 0.216 | 1.0089 | nan | nan | 36.4 | 34.5 | 34.2 | 34.4 | 35.9 | +nan | 0.73 |
| 2026-12-18 fit | | | 47.0 | 41.3 | 37.2 | 35.4 | 34.7 | 34.7 | 35.3 | +6.6 | |
| 2026-12-18 v3 @ATM | | | 34.9 | 34.5 | 34.3 | 34.1 | 34.1 | 34.2 | 34.3 | +0.4 | |
| 2027-03-19 mkt | 0.466 | 1.0179 | nan | 38.3 | 36.3 | 35.6 | 35.1 | 35.1 | 35.2 | +3.2 | 0.43 |
| 2027-03-19 fit | | | 39.6 | 37.5 | 36.2 | 35.5 | 35.2 | 35.2 | 35.3 | +2.2 | |
| 2027-03-19 v3 @ATM | | | 35.3 | 35.2 | 35.1 | 35.1 | 35.1 | 35.1 | 35.1 | +0.1 | |
| 2027-06-17 mkt | 0.712 | 1.0296 | nan | 36.8 | 35.9 | 35.6 | 35.2 | 34.7 | 34.7 | +1.6 | 0.50 |
| 2027-06-17 fit | | | 37.8 | 36.7 | 36.0 | 35.7 | 35.5 | 35.4 | 35.4 | +1.2 | |
| 2027-06-17 v3 @ATM | | | 35.2 | 35.2 | 35.2 | 35.2 | 35.2 | 35.2 | 35.2 | +0.0 | |

## AMD  spot 611.76 as of 2026-09-30  (284 quotes, 4 expiries)
fit: lambda 0.15/yr  muJ -0.244  sigmaJ 0.632  sigma_d 0.518  -> total vol 58.1%, jump share 21%, RMSE 0.95 vol pts
history (10y): lambda 109.6/yr  muJ +0.0018  sigmaJ 0.0426  share 63%
| expiry | T (y) | fwd / spot | 0.6 | 0.7 | 0.8 | 0.9 | 1.0 | 1.1 | 1.2 | skew 0.7-1.0 | fit RMSE |
|---|---:|---:|---:|---:|---:|---:|---:|---:|---:|---:|---:|
| 2026-11-20 mkt | 0.140 | 1.0066 | 68.9 | 61.2 | 56.9 | 55.9 | 55.8 | 56.2 | 57.1 | +5.4 | 1.39 |
| 2026-11-20 fit | | | 68.1 | 59.5 | 55.9 | 54.6 | 54.3 | 54.4 | 55.0 | +5.2 | |
| 2026-11-20 v3 @ATM | | | 56.7 | 56.1 | 55.8 | 55.6 | 55.6 | 55.7 | 55.9 | +0.5 | |
| 2026-12-18 mkt | 0.216 | 1.0100 | 62.6 | 56.8 | 54.6 | 54.1 | 54.2 | 54.9 | 55.2 | +2.6 | 0.72 |
| 2026-12-18 fit | | | 62.1 | 57.7 | 55.7 | 54.9 | 54.7 | 54.7 | 55.1 | +3.0 | |
| 2026-12-18 v3 @ATM | | | 54.5 | 54.2 | 54.1 | 54.1 | 54.1 | 54.1 | 54.2 | +0.2 | |
| 2027-03-19 mkt | 0.466 | 1.0216 | 57.0 | 55.3 | 54.9 | 55.0 | 55.2 | 55.4 | 55.4 | +0.1 | 0.70 |
| 2027-03-19 fit | | | 57.9 | 56.6 | 55.9 | 55.5 | 55.4 | 55.4 | 55.5 | +1.2 | |
| 2027-03-19 v3 @ATM | | | 55.2 | 55.2 | 55.1 | 55.1 | 55.2 | 55.2 | 55.2 | +0.0 | |
| 2027-06-17 mkt | 0.712 | 1.0342 | 55.9 | 55.4 | 54.9 | 55.0 | 55.5 | 55.7 | 56.1 | -0.1 | 0.82 |
| 2027-06-17 fit | | | 57.2 | 56.5 | 56.1 | 55.9 | 55.8 | 55.7 | 55.8 | +0.7 | |
| 2027-06-17 v3 @ATM | | | 55.5 | 55.5 | 55.5 | 55.5 | 55.5 | 55.5 | 55.5 | -0.0 | |

## NFLX  spot 69.58 as of 2026-09-30  (139 quotes, 4 expiries)
fit: lambda 0.46/yr  muJ -0.058  sigmaJ 0.301  sigma_d 0.349  -> total vol 40.7%, jump share 26%, RMSE 1.02 vol pts
history (10y): lambda 59.0/yr  muJ -0.0005  sigmaJ 0.0408  share 61%
| expiry | T (y) | fwd / spot | 0.6 | 0.7 | 0.8 | 0.9 | 1.0 | 1.1 | 1.2 | skew 0.7-1.0 | fit RMSE |
|---|---:|---:|---:|---:|---:|---:|---:|---:|---:|---:|---:|
| 2026-11-20 mkt | 0.140 | 1.0069 | nan | 48.8 | 43.9 | 41.9 | 41.5 | 41.4 | 42.5 | +7.3 | 2.23 |
| 2026-11-20 fit | | | 57.4 | 48.7 | 41.9 | 39.0 | 38.3 | 38.7 | 40.1 | +10.4 | |
| 2026-11-20 v3 @ATM | | | 42.8 | 42.1 | 41.6 | 41.4 | 41.3 | 41.4 | 41.6 | +0.7 | |
| 2026-12-18 mkt | 0.216 | 1.0117 | nan | nan | 41.4 | 38.7 | 39.0 | 38.3 | 39.6 | +nan | 0.64 |
| 2026-12-18 fit | | | 50.2 | 44.4 | 40.7 | 39.2 | 38.7 | 38.9 | 39.7 | +5.7 | |
| 2026-12-18 v3 @ATM | | | 39.6 | 39.3 | 39.0 | 39.0 | 38.9 | 39.0 | 39.1 | +0.3 | |
| 2027-03-19 mkt | 0.466 | 1.0224 | nan | 40.1 | 39.4 | 39.4 | 39.0 | 39.1 | 39.3 | +1.1 | 0.65 |
| 2027-03-19 fit | | | 43.1 | 41.2 | 40.1 | 39.6 | 39.4 | 39.4 | 39.7 | +1.8 | |
| 2027-03-19 v3 @ATM | | | 39.1 | 39.0 | 39.0 | 39.0 | 39.0 | 39.0 | 39.0 | +0.1 | |
| 2027-06-17 mkt | 0.712 | 1.0356 | 43.0 | 40.5 | 39.9 | 39.2 | 39.0 | 39.0 | 39.1 | +1.4 | 0.65 |
| 2027-06-17 fit | | | 41.5 | 40.6 | 40.1 | 39.8 | 39.7 | 39.7 | 39.8 | +0.9 | |
| 2027-06-17 v3 @ATM | | | 39.0 | 39.0 | 39.0 | 39.0 | 39.0 | 39.0 | 39.0 | +0.0 | |

## COIN  spot 186.41 as of 2026-09-30  (124 quotes, 4 expiries)
fit: lambda 1.70/yr  muJ -0.016  sigmaJ 0.340  sigma_d 0.503  -> total vol 67.1%, jump share 44%, RMSE 1.36 vol pts
history (10y): lambda 112.0/yr  muJ +0.0097  sigmaJ 0.0560  share 52%
| expiry | T (y) | fwd / spot | 0.6 | 0.7 | 0.8 | 0.9 | 1.0 | 1.1 | 1.2 | skew 0.7-1.0 | fit RMSE |
|---|---:|---:|---:|---:|---:|---:|---:|---:|---:|---:|---:|
| 2026-11-20 mkt | 0.140 | 1.0066 | nan | 68.4 | 65.4 | 65.2 | 64.4 | 66.9 | 69.1 | +4.0 | 1.84 |
| 2026-11-20 fit | | | 74.9 | 68.5 | 64.5 | 62.8 | 62.8 | 64.0 | 66.0 | +5.6 | |
| 2026-11-20 v3 @ATM | | | 65.0 | 64.5 | 64.2 | 64.1 | 64.1 | 64.2 | 64.4 | +0.4 | |
| 2026-12-18 mkt | 0.216 | 1.0140 | 70.3 | 66.0 | 63.4 | 63.8 | 64.2 | 64.4 | 65.6 | +1.8 | 0.84 |
| 2026-12-18 fit | | | 69.7 | 66.4 | 64.5 | 63.9 | 64.0 | 64.8 | 66.0 | +2.4 | |
| 2026-12-18 v3 @ATM | | | 64.4 | 64.2 | 64.1 | 64.1 | 64.1 | 64.1 | 64.2 | +0.1 | |
| 2027-03-19 mkt | 0.466 | 1.0258 | 67.1 | 64.4 | 64.8 | 63.1 | 65.6 | 66.1 | 67.3 | -1.3 | 1.21 |
| 2027-03-19 fit | | | 66.5 | 65.8 | 65.4 | 65.4 | 65.6 | 65.9 | 66.4 | +0.2 | |
| 2027-03-19 v3 @ATM | | | 65.6 | 65.6 | 65.5 | 65.5 | 65.6 | 65.6 | 65.6 | -0.0 | |
| 2027-06-17 mkt | 0.712 | 1.0400 | 67.7 | 64.1 | 65.4 | 64.2 | 65.9 | 66.1 | 65.9 | -1.8 | 1.42 |
| 2027-06-17 fit | | | 66.3 | 66.0 | 66.0 | 66.0 | 66.2 | 66.4 | 66.7 | -0.1 | |
| 2027-06-17 v3 @ATM | | | 65.9 | 65.9 | 65.9 | 65.9 | 65.9 | 65.9 | 65.9 | -0.0 | |

## PLTR  spot 187.05 as of 2026-09-30  (139 quotes, 4 expiries)
fit: lambda 0.30/yr  muJ -0.331  sigmaJ 0.511  sigma_d 0.504  -> total vol 60.3%, jump share 30%, RMSE 1.03 vol pts
history (10y): lambda 49.7/yr  muJ +0.0116  sigmaJ 0.0686  share 52%
| expiry | T (y) | fwd / spot | 0.6 | 0.7 | 0.8 | 0.9 | 1.0 | 1.1 | 1.2 | skew 0.7-1.0 | fit RMSE |
|---|---:|---:|---:|---:|---:|---:|---:|---:|---:|---:|---:|
| 2026-11-20 mkt | 0.140 | 1.0064 | 74.5 | 65.3 | 59.9 | 57.1 | 56.0 | 55.7 | 55.8 | +9.3 | 1.46 |
| 2026-11-20 fit | | | 74.7 | 64.2 | 58.1 | 55.4 | 54.3 | 53.9 | 54.0 | +9.9 | |
| 2026-11-20 v3 @ATM | | | 56.9 | 56.3 | 56.0 | 55.8 | 55.8 | 55.9 | 56.1 | +0.5 | |
| 2026-12-18 mkt | 0.216 | 1.0097 | 66.8 | 60.3 | 56.5 | 54.6 | 53.5 | 53.3 | 53.4 | +6.9 | 1.01 |
| 2026-12-18 fit | | | 67.3 | 61.0 | 57.5 | 55.7 | 54.9 | 54.5 | 54.4 | +6.2 | |
| 2026-12-18 v3 @ATM | | | 53.8 | 53.5 | 53.4 | 53.3 | 53.3 | 53.4 | 53.5 | +0.2 | |
| 2027-03-19 mkt | 0.466 | 1.0227 | 60.5 | 58.1 | 56.4 | 55.4 | 55.1 | 54.8 | 54.7 | +3.0 | 0.73 |
| 2027-03-19 fit | | | 61.0 | 58.7 | 57.3 | 56.4 | 55.8 | 55.5 | 55.3 | +2.9 | |
| 2027-03-19 v3 @ATM | | | 55.1 | 55.0 | 55.0 | 55.0 | 55.0 | 55.0 | 55.0 | +0.0 | |
| 2027-06-17 mkt | 0.712 | 1.0345 | 59.7 | 57.8 | 56.8 | 56.2 | 56.1 | 56.0 | 56.0 | +1.7 | 0.77 |
| 2027-06-17 fit | | | 59.5 | 58.2 | 57.3 | 56.7 | 56.3 | 56.0 | 55.8 | +1.9 | |
| 2027-06-17 v3 @ATM | | | 56.1 | 56.1 | 56.1 | 56.1 | 56.1 | 56.1 | 56.1 | -0.0 | |

## MSTR  spot 153.09 as of 2026-09-30  (131 quotes, 4 expiries)
fit: lambda 0.10/yr  muJ -0.894  sigmaJ 1.500  sigma_d 0.623  -> total vol 82.7%, jump share 43%, RMSE 1.02 vol pts  AT BOUND: sigmaJ
history (10y): lambda 231.3/yr  muJ +0.0009  sigmaJ 0.0457  share 94%
| expiry | T (y) | fwd / spot | 0.6 | 0.7 | 0.8 | 0.9 | 1.0 | 1.1 | 1.2 | skew 0.7-1.0 | fit RMSE |
|---|---:|---:|---:|---:|---:|---:|---:|---:|---:|---:|---:|
| 2026-11-20 mkt | 0.140 | 1.0067 | 79.9 | 71.3 | 67.3 | 66.6 | 68.0 | 68.2 | 70.4 | +3.3 | 1.09 |
| 2026-11-20 fit | | | 79.7 | 71.4 | 68.2 | 67.1 | 67.1 | 67.7 | 69.0 | +4.3 | |
| 2026-11-20 v3 @ATM | | | 68.6 | 68.1 | 67.8 | 67.7 | 67.7 | 67.8 | 68.0 | +0.4 | |
| 2026-12-18 mkt | 0.216 | 1.0106 | 74.7 | 69.5 | 67.3 | 66.6 | 67.2 | 68.2 | 69.6 | +2.3 | 0.85 |
| 2026-12-18 fit | | | 74.9 | 70.4 | 68.6 | 68.0 | 68.0 | 68.5 | 69.5 | +2.4 | |
| 2026-12-18 v3 @ATM | | | 67.3 | 67.1 | 67.0 | 67.0 | 67.0 | 67.1 | 67.1 | +0.1 | |
| 2027-03-19 mkt | 0.466 | 1.0227 | 72.7 | 70.5 | 69.8 | 69.1 | 69.5 | 69.9 | 70.3 | +1.1 | 0.78 |
| 2027-03-19 fit | | | 72.1 | 70.6 | 69.9 | 69.8 | 69.9 | 70.3 | 70.8 | +0.7 | |
| 2027-03-19 v3 @ATM | | | 69.4 | 69.4 | 69.4 | 69.4 | 69.4 | 69.4 | 69.4 | -0.0 | |
| 2027-06-17 mkt | 0.712 | 1.0379 | 74.2 | 72.6 | 71.8 | 71.4 | 70.9 | 70.9 | 71.3 | +1.7 | 1.29 |
| 2027-06-17 fit | | | 72.1 | 71.3 | 70.9 | 70.9 | 71.1 | 71.4 | 71.8 | +0.2 | |
| 2027-06-17 v3 @ATM | | | 70.8 | 70.8 | 70.8 | 70.8 | 70.9 | 70.9 | 70.9 | -0.0 | |

## SPY  spot 762.63 as of 2026-09-30  (692 quotes, 4 expiries)
fit: lambda 0.14/yr  muJ -0.315  sigmaJ 0.239  sigma_d 0.120  -> total vol 19.0%, jump share 60%, RMSE 1.95 vol pts
history (10y): lambda 73.8/yr  muJ -0.0028  sigmaJ 0.0164  share 69%
| expiry | T (y) | fwd / spot | 0.6 | 0.7 | 0.8 | 0.9 | 1.0 | 1.1 | 1.2 | skew 0.7-1.0 | fit RMSE |
|---|---:|---:|---:|---:|---:|---:|---:|---:|---:|---:|---:|
| 2026-11-20 mkt | 0.140 | 1.0067 | 51.7 | 41.5 | 31.5 | 21.9 | 14.1 | 12.1 | nan | +27.4 | 2.12 |
| 2026-11-20 fit | | | 54.4 | 45.4 | 34.5 | 21.6 | 13.7 | 13.1 | 17.2 | +31.7 | |
| 2026-11-20 v3 @ATM | | | 16.4 | 15.7 | 14.8 | 14.2 | 14.0 | 14.2 | 14.6 | +1.7 | |
| 2026-12-18 mkt | 0.216 | 1.0089 | 46.5 | 37.7 | 29.1 | 21.1 | 14.4 | 11.8 | 14.6 | +23.3 | 1.40 |
| 2026-12-18 fit | | | 46.2 | 39.1 | 30.2 | 19.9 | 14.0 | 13.1 | 14.8 | +25.0 | |
| 2026-12-18 v3 @ATM | | | 15.8 | 15.2 | 14.7 | 14.4 | 14.3 | 14.4 | 14.6 | +0.8 | |
| 2027-03-19 mkt | 0.466 | 1.0183 | 38.6 | 31.6 | 25.4 | 19.9 | 15.3 | 12.5 | 12.5 | +16.3 | 2.11 |
| 2027-03-19 fit | | | 35.3 | 30.6 | 24.7 | 18.3 | 14.8 | 13.6 | 13.5 | +15.9 | |
| 2027-03-19 v3 @ATM | | | 15.6 | 15.5 | 15.3 | 15.3 | 15.3 | 15.3 | 15.3 | +0.2 | |
| 2027-06-17 mkt | 0.712 | 1.0280 | 34.7 | 29.0 | 24.1 | 19.8 | 16.1 | 13.4 | 12.7 | +12.8 | 2.22 |
| 2027-06-17 fit | | | 30.8 | 27.1 | 22.5 | 17.9 | 15.2 | 14.1 | 13.7 | +11.9 | |
| 2027-06-17 v3 @ATM | | | 16.3 | 16.2 | 16.2 | 16.1 | 16.1 | 16.1 | 16.2 | +0.1 | |

# summary: 6-month (2027-03-19) market smile vs fitted jumps
| symbol | ATM IV | IV at 0.7 | skew 0.7 - ATM | fit lambda/yr | fit muJ | fit sigmaJ | jump share | RMSE | history share | note |
|---|---:|---:|---:|---:|---:|---:|---:|---:|---:|---|
| TSLA | 43.7 | 45.6 | +1.8 | 0.08 | -0.370 | 0.786 | 25% | 0.85 | 57% |  |
| AAPL | 26.3 | 33.4 | +7.1 | 0.29 | -0.208 | 0.189 | 30% | 1.12 | 72% |  |
| NVDA | 37.1 | 43.0 | +5.9 | 0.26 | -0.287 | 0.354 | 33% | 0.76 | 58% |  |
| MSFT | 31.4 | 36.1 | +4.7 | 0.17 | -0.276 | 0.264 | 22% | 0.78 | 64% |  |
| AMZN | 35.6 | 39.7 | +4.1 | 0.22 | -0.200 | 0.334 | 23% | 1.09 | 61% |  |
| META | 41.4 | 43.0 | +1.6 | 0.76 | -0.042 | 0.242 | 24% | 1.14 | 63% |  |
| GOOGL | 35.1 | 38.3 | +3.2 | 0.45 | -0.074 | 0.257 | 24% | 0.80 | 66% |  |
| AMD | 55.2 | 55.3 | +0.1 | 0.15 | -0.244 | 0.632 | 21% | 0.95 | 63% |  |
| NFLX | 39.0 | 40.1 | +1.1 | 0.46 | -0.058 | 0.301 | 26% | 1.02 | 61% |  |
| COIN | 65.6 | 64.4 | -1.3 | 1.70 | -0.016 | 0.340 | 44% | 1.36 | 52% |  |
| PLTR | 55.1 | 58.1 | +3.0 | 0.30 | -0.331 | 0.511 | 30% | 1.03 | 52% |  |
| MSTR | 69.5 | 70.5 | +1.1 | 0.10 | -0.894 | 1.500 | 43% | 1.02 | 94% | at bound: sigmaJ |
| SPY | 15.3 | 31.6 | +16.3 | 0.14 | -0.315 | 0.239 | 60% | 1.95 | 69% |  |

wrote ml/options_calibrate.json

# note prices at the options-fitted total vol: options jumps - teacher v3 shape, bps (torch NVIDIA GeForce RTX 3090, 2^20 paths, seed 4242; 24 states, tNext 1 day)
| symbol | total vol | max \|options - v3\| | at state | mean, not knocked in | mean, knocked in | max \|v3 - GBM\| | ATM IV | options - v3 at ATM: max | at state | mean not KI / KI |
|---|---:|---:|---|---:|---:|---:|---:|---:|---|---|
| TSLA | 47.7% | +216.9 ± 2.0 | obs 13 clean spot 7000 | +77.0 | +14.0 | 21.8 | 43.7% | +48.7 ± 2.0 | obs 13 clean spot 7000 | +9.6 / -6.5 |
| AAPL | 28.0% | +219.3 ± 2.3 | obs 26 clean spot 7000 | +18.7 | +14.2 | 14.9 | 26.3% | +88.8 ± 2.3 | obs 26 clean spot 7000 | -11.4 / +6.0 |
| NVDA | 40.4% | +298.2 ± 2.2 | obs 13 clean spot 7000 | +70.7 | +23.7 | 18.9 | 37.1% | +132.1 ± 2.2 | obs 13 clean spot 7000 | +11.5 / +7.3 |
| MSFT | 33.4% | +177.6 ± 2.1 | obs 26 clean spot 7000 | +29.2 | +13.7 | 15.4 | 31.4% | +52.7 ± 2.1 | obs 26 clean spot 7000 | -6.9 / +3.9 |
| AMZN | 38.3% | +180.3 ± 2.2 | obs 13 clean spot 7000 | +40.5 | +12.5 | 18.1 | 35.6% | -43.2 ± 1.2 | obs 13 clean spot 8500 | -7.1 / -0.6 |
| META | 43.4% | +119.6 ± 2.0 | obs 13 clean spot 7000 | +27.0 | +0.4 | 20.4 | 41.4% | -29.7 ± 1.5 | obs 13 clean spot 8500 | -7.3 / -9.6 |
| GOOGL | 36.4% | +145.4 ± 2.1 | obs 13 clean spot 7000 | +27.1 | +4.3 | 17.3 | 35.1% | +77.6 ± 2.1 | obs 13 clean spot 7000 | +4.4 / -1.9 |
| AMD | 58.1% | +140.8 ± 1.7 | obs 13 clean spot 7000 | +52.8 | +10.7 | 22.1 | 55.2% | +46.2 ± 1.7 | obs 13 clean spot 7000 | +10.7 / -4.8 |
| NFLX | 40.7% | +164.2 ± 2.1 | obs 13 clean spot 7000 | +37.8 | +0.8 | 19.0 | 39.0% | +80.6 ± 2.1 | obs 13 clean spot 7000 | +7.4 / -7.7 |
| COIN | 67.1% | +179.9 ± 2.3 | obs 13 clean spot 8500 | +49.0 | -29.4 | 24.3 | 65.6% | +137.9 ± 2.3 | obs 13 clean spot 8500 | +31.0 / -37.3 |
| PLTR | 60.3% | +249.8 ± 1.8 | obs 13 clean spot 7000 | +91.3 | +31.0 | 22.6 | 55.1% | +79.9 ± 1.9 | obs 13 clean spot 7000 | +15.3 / +2.5 |
| MSTR | 82.7% | +426.2 ± 2.4 | obs 13 clean spot 8500 | +148.4 | +42.4 | 35.2 | 69.5% | -103.1 ± 1.1 | obs 26 clean spot 5500 | +6.6 / -30.5 |
| SPY | 19.0% | +380.5 ± 2.0 | obs 26 clean spot 7000 | +24.4 | +24.9 | 9.4 | 15.3% | -131.4 ± 0.8 | obs 26 clean spot 8500 | -26.2 / +8.3 |
