teacher: merton-earnings-tsla-2016-2026 (jump share 0.507, earnings sigmaE 0.0831871 at volRef 0.590315); product P1; n_k 256 extrapolated
errors are formula - teacher, principal part, bps of live notional

== 1. right after a fixing, gap 1: smooth random walk (contract rules only) ==
vol   | clean x 0.60..1.00: min   max  mean|e| | knocked in x 0.20..0.995: min   max  mean|e| | teacher at par  formula at par
 20%  |                     -36.7  39.1     10.7 |                          -2.2  16.4      1.8 |         9862.3          9864.1
 30%  |                     -21.0  41.6     18.2 |                          -1.5  27.4      2.4 |         9409.4          9417.0
 40%  |                      -8.8  44.6     25.7 |                          -1.0  35.7      4.5 |         8825.6          8840.7
 55%  |                       5.8  50.1     36.2 |                          -0.5  44.9      9.0 |         7952.0          7978.2
 70%  |                      17.7  56.1     45.6 |                           0.0  52.3     14.2 |         7164.9          7201.0
 90%  |                      30.6  64.1     56.2 |                           1.2  60.3     21.0 |         6259.9          6307.1

== 1. right after a fixing, gap 2: the teacher's world (jumps + earnings, tE 45 d) ==
vol   | clean x 0.60..1.00: min   max  mean|e| | knocked in x 0.20..0.995: min   max  mean|e| | teacher at par  formula at par
 20%  |                     -31.2  19.3      6.3 |                          -2.0  12.5      1.8 |         9863.4          9864.1
 30%  |                     -16.9  24.5     11.3 |                          -1.4  19.5      2.4 |         9413.9          9417.0
 40%  |                      -6.3  28.7     16.4 |                          -0.9  24.2      3.7 |         8833.8          8840.7
 55%  |                       6.2  34.6     23.9 |                          -0.4  30.0      6.9 |         7964.0          7978.2
 70%  |                      16.2  40.2     30.9 |                           0.3  35.5     11.0 |         7179.3          7201.0
 90%  |                      27.2  47.3     39.5 |                           1.8  42.4     16.9 |         6276.7          6307.1

== 2. mid-week, x 0.20..1.30, max |error| (at x) / mean |error|, gap 1: smooth random walk (contract rules only) ==
vol   state      | tau     0          | tau   1 h          | tau   6 h          | tau   1 d          | tau   2 d          | tau 3.5 d          | tau   5 d          | tau   7 d         
 20%  clean      |  101.1 (0.60)  2.8 |  113.0 (0.60)  2.9 |   95.6 (0.60)  2.6 |   65.0 (0.60)  1.7 |   70.8 (0.59)  1.6 |  119.3 (0.59)  2.9 |  155.1 (0.59)  4.7 |  192.3 (0.59)  7.3
 20%  knocked in |   96.7 (1.00)  2.4 |   36.4 (1.01)  1.9 |   32.9 (1.01)  1.7 |   17.7 (1.00)  1.2 |   13.5 (1.02)  0.9 |   26.2 (1.02)  0.7 |   36.5 (1.02)  1.5 |   48.1 (1.02)  2.7
 30%  clean      |   93.2 (0.59)  4.6 |   93.2 (0.59)  4.6 |   86.8 (0.59)  4.1 |   52.6 (0.60)  2.1 |   33.4 (0.60)  1.6 |   58.7 (0.58)  4.0 |   84.6 (0.58)  6.6 |  112.5 (0.58) 10.2
 30%  knocked in |  118.6 (1.00)  2.9 |   68.5 (1.01)  2.3 |   52.9 (1.01)  1.9 |   21.7 (1.00)  1.3 |   17.0 (1.03)  1.2 |   34.2 (1.02)  1.6 |   48.8 (1.02)  2.8 |   64.7 (1.02)  4.6
 40%  clean      |  119.8 (0.59)  5.8 |  119.8 (0.59)  5.7 |  101.8 (0.59)  4.9 |   43.7 (0.60)  2.7 |   46.3 (0.58)  2.1 |   77.1 (0.58)  5.4 |   99.0 (0.58)  8.8 |  120.9 (0.58) 13.4
 40%  knocked in |  121.2 (1.00)  3.4 |   80.7 (1.01)  2.7 |   55.4 (1.01)  2.3 |   23.0 (1.01)  1.4 |   21.8 (1.03)  1.4 |   41.4 (1.03)  2.7 |   56.9 (1.03)  4.7 |   74.2 (1.03)  7.4
 55%  clean      |  121.8 (0.59)  7.6 |  121.2 (0.59)  7.3 |   88.8 (0.59)  6.1 |   39.8 (0.59)  3.2 |   29.8 (0.57)  2.4 |   51.7 (0.57)  7.0 |   67.0 (0.57) 11.7 |   81.8 (0.57) 17.6
 55%  knocked in |  115.1 (1.00)  4.4 |   81.2 (1.01)  3.7 |   51.6 (1.01)  3.2 |   22.0 (1.01)  1.8 |   21.2 (1.05)  1.6 |   39.5 (1.04)  4.5 |   55.6 (1.04)  7.9 |   74.0 (1.04) 12.4
 70%  clean      |  112.4 (0.59)  9.3 |  109.7 (0.59)  8.9 |   71.0 (0.59)  7.3 |   33.5 (0.59)  3.6 |   23.0 (0.57)  2.6 |   40.0 (0.57)  8.7 |   50.2 (0.57) 14.5 |   58.6 (0.57) 22.0
 70%  knocked in |  107.9 (1.00)  5.8 |   75.9 (1.01)  5.2 |   48.2 (1.02)  4.5 |   20.5 (1.01)  2.4 |   22.4 (1.06)  1.7 |   40.7 (1.06)  6.3 |   56.4 (1.06) 11.3 |   74.8 (1.06) 17.9
 90%  clean      |   97.7 (0.59) 11.9 |   90.2 (0.59) 11.2 |   55.5 (0.58)  9.2 |   26.2 (0.59)  4.6 |   22.2 (0.56)  3.0 |   33.1 (0.56) 10.7 |   43.0 (0.66) 18.1 |   64.0 (0.69) 27.7
 90%  knocked in |  100.6 (1.00)  8.3 |   69.4 (1.01)  7.7 |   46.0 (1.02)  6.7 |   19.3 (1.00)  3.5 |   19.4 (1.07)  1.9 |   38.5 (1.07)  8.7 |   55.1 (1.07) 15.7 |   74.8 (1.07) 25.1

== 2. mid-week, x 0.20..1.30, max |error| (at x) / mean |error|, gap 2: the teacher's world (jumps + earnings, tE 45 d) ==
vol   state      | tau     0          | tau   1 h          | tau   6 h          | tau   1 d          | tau   2 d          | tau 3.5 d          | tau   5 d          | tau   7 d         
 20%  clean      |   95.7 (0.60)  4.6 |  118.5 (0.60)  4.7 |  103.2 (0.60)  4.4 |   73.0 (0.60)  3.7 |   54.8 (0.59)  2.9 |  101.0 (0.59)  1.9 |  137.9 (0.59)  3.2 |  176.8 (0.59)  5.6
 20%  knocked in |   97.7 (1.00)  3.1 |   39.2 (1.00)  2.5 |   35.0 (1.01)  2.4 |   23.1 (1.00)  1.9 |   13.3 (1.00)  1.5 |   21.0 (1.02)  1.1 |   30.8 (1.02)  1.6 |   42.1 (1.02)  2.7
 30%  clean      |   93.6 (0.59)  8.2 |   93.2 (0.60)  8.2 |   87.0 (0.59)  7.7 |   58.9 (0.60)  6.1 |   38.9 (0.60)  4.3 |   48.9 (0.58)  2.6 |   73.2 (0.58)  4.6 |  100.9 (0.58)  8.0
 30%  knocked in |  123.0 (1.00)  4.2 |   72.4 (1.01)  3.6 |   66.0 (1.01)  3.3 |   37.3 (1.01)  2.8 |   18.3 (1.00)  2.3 |   24.0 (1.03)  2.2 |   37.9 (1.02)  3.0 |   54.0 (1.02)  4.5
 40%  clean      |  120.1 (0.59) 11.2 |  119.0 (0.59) 11.1 |  111.6 (0.59) 10.5 |   65.2 (0.59)  8.5 |   35.8 (0.58)  6.4 |   64.8 (0.58)  3.7 |   87.6 (0.58)  6.4 |  111.0 (0.58) 10.5
 40%  knocked in |  129.3 (1.00)  5.9 |   89.4 (1.01)  5.2 |   76.3 (1.01)  4.9 |   42.4 (1.01)  4.0 |   21.0 (1.00)  3.2 |   27.6 (1.03)  3.0 |   43.1 (1.03)  4.3 |   60.4 (1.03)  6.5
 55%  clean      |  121.5 (0.59) 15.2 |  120.5 (0.59) 14.9 |  106.8 (0.59) 14.0 |   57.6 (0.59) 11.1 |   28.1 (0.59)  8.2 |   43.0 (0.57)  4.5 |   58.8 (0.57)  8.2 |   74.8 (0.57) 13.4
 55%  knocked in |  126.8 (1.00)  9.0 |   97.5 (1.01)  8.4 |   76.4 (1.01)  8.0 |   43.5 (1.01)  6.4 |   22.5 (1.00)  4.6 |   24.1 (1.05)  3.6 |   39.2 (1.04)  6.1 |   57.5 (1.04)  9.8
 70%  clean      |  111.5 (0.59) 18.4 |  110.6 (0.59) 18.0 |   89.9 (0.59) 16.9 |   46.3 (0.59) 13.2 |   25.3 (0.59)  9.7 |   31.8 (0.57)  5.1 |   43.7 (0.57)  9.9 |   54.0 (0.57) 16.3
 70%  knocked in |  121.9 (1.00) 12.1 |   97.6 (1.01) 11.5 |   73.2 (1.01) 10.8 |   43.1 (1.01)  8.6 |   22.8 (1.00)  5.8 |   24.6 (1.06)  4.2 |   39.6 (1.06)  8.1 |   57.5 (1.06) 13.5
 90%  clean      |   96.3 (0.59) 22.3 |   95.0 (0.59) 21.6 |   67.8 (0.59) 20.1 |   35.4 (0.58) 15.6 |   21.3 (0.59) 11.0 |   26.8 (0.56)  6.0 |   33.7 (0.56) 12.1 |   47.3 (0.66) 20.2
 90%  knocked in |  117.0 (1.00) 15.8 |   94.9 (1.01) 15.2 |   71.9 (1.02) 14.3 |   42.9 (1.02) 11.1 |   22.7 (1.00)  7.1 |   21.5 (1.07)  5.3 |   37.5 (1.07) 11.0 |   56.6 (1.07) 18.8

== 3. jumps at a fixing (tau = 0), teacher's world: value(barrier) - value(1 bps of spot below) ==
vol   | knock-in at x = k (clean) | heal at x = 1 (knocked in) | clean at x = 1 (kink only)
 20%  |                     446.9 |                      111.5 |       0.01
 30%  |                     369.1 |                      133.8 |       0.04
 40%  |                     315.1 |                      132.5 |       0.05
 55%  |                     260.2 |                      118.3 |       0.07
 70%  |                     223.9 |                      103.5 |       0.07
 90%  |                     191.7 |                       88.0 |       0.07

== 4. slope just outside a band of tau, bps per 10 bps of spot: teacher / residual, gap 1: smooth random walk (contract rules only) ==
vol   |           tau > 1 h           |           tau > 6 h           |           tau > 1 d           |           tau > 2 d          
      | clean near k   ki near 1     | clean near k   ki near 1     | clean near k   ki near 1     | clean near k   ki near 1    
 20%  | 151.7/108.8    23.6/ 17.4  |  79.2/ 37.2    11.6/  5.6  |  51.7/ 25.1     8.0/  4.0  |  44.0/ 21.7     8.0/  3.2 
 30%  |  90.3/ 63.1    19.2/ 14.1  |  47.2/ 20.9     9.4/  4.5  |  32.0/ 14.9     6.8/  3.2  |  27.6/ 12.8     6.8/  2.6 
 40%  |  60.8/ 41.1    14.4/ 10.4  |  32.6/ 13.5     7.2/  3.4  |  22.8/  9.9     5.6/  2.3  |  19.9/  8.6     5.6/  1.9 
 55%  |  38.7/ 24.9     9.6/  6.7  |  21.6/  8.1     4.9/  2.2  |  15.6/  6.0     4.3/  1.5  |  13.8/  5.3     4.3/  1.2 
 70%  |  27.4/ 16.9     6.8/  4.5  |  15.8/  5.4     3.6/  1.5  |  11.7/  4.0     3.4/  1.0  |  10.5/  3.5     3.4/  0.7 
 90%  |  19.1/ 11.2     4.6/  2.9  |  11.4/  3.7     2.6/  1.0  |   8.6/  2.8     2.7/  0.6  |   7.8/  2.5     2.7/  0.5 

== 4. slope just outside a band of tau, bps per 10 bps of spot: teacher / residual, gap 2: the teacher's world (jumps + earnings, tE 45 d) ==
vol   |           tau > 1 h           |           tau > 6 h           |           tau > 1 d           |           tau > 2 d          
      | clean near k   ki near 1     | clean near k   ki near 1     | clean near k   ki near 1     | clean near k   ki near 1    
 20%  | 198.5/155.5    32.6/ 26.5  | 105.7/ 62.8    15.4/  9.2  |  62.0/ 31.2     9.0/  4.8  |  49.5/ 24.7     8.0/  3.8 
 30%  | 123.9/ 96.7    27.2/ 22.1  |  62.4/ 35.2    12.5/  7.3  |  37.9/ 18.0     7.4/  3.9  |  30.8/ 14.6     6.9/  3.0 
 40%  |  84.6/ 64.8    20.6/ 16.6  |  42.5/ 22.8     9.5/  5.4  |  26.6/ 11.8     5.7/  2.8  |  22.0/  9.7     5.7/  2.2 
 55%  |  53.9/ 40.1    13.7/ 10.8  |  27.6/ 13.8     6.4/  3.5  |  18.0/  7.1     4.3/  1.8  |  15.2/  5.9     4.3/  1.4 
 70%  |  38.0/ 27.5     9.6/  7.4  |  19.9/  9.4     4.6/  2.3  |  13.4/  4.7     3.4/  1.2  |  11.4/  3.9     3.4/  0.9 
 90%  |  26.3/ 18.5     6.5/  4.8  |  14.2/  6.3     3.2/  1.5  |   9.8/  3.2     2.7/  0.8  |   8.5/  2.7     2.7/  0.6 

== 5. earnings just before vs just after the next fixing: value(n = 0) - value(n = 1) ==
vol   | tau   1 d: worst (x, state) | tau   2 d: worst (x, state) | tau 3.5 d: worst (x, state) | tau   5 d: worst (x, state) | tau   7 d: worst (x, state)
 20%  |  +203.9 (0.595, clean)       |  +158.0 (0.590, clean)       |  +128.2 (0.590, clean)       |  +107.6 (0.590, clean)       |   +89.3 (0.590, clean)      
 30%  |  +164.3 (0.590, clean)       |  +128.5 (0.590, clean)       |  +101.5 (0.585, clean)       |   +85.0 (0.585, clean)       |   +70.6 (0.580, clean)      
 40%  |  +132.6 (0.590, clean)       |  +105.7 (0.585, clean)       |   +82.5 (0.580, clean)       |   +68.8 (0.580, clean)       |   +57.2 (0.575, clean)      
 55%  |  +102.8 (0.585, clean)       |   +80.5 (0.580, clean)       |   +62.5 (0.575, clean)       |   +51.9 (0.570, clean)       |   +42.8 (0.565, clean)      
 70%  |   +82.0 (0.580, clean)       |   +63.7 (0.570, clean)       |   +49.0 (0.565, clean)       |   +40.4 (0.560, clean)       |   +35.6 (1.300, clean)      
 90%  |   +63.0 (0.570, clean)       |   +48.3 (1.300, clean)       |   +47.1 (1.300, clean)       |   +45.9 (1.300, clean)       |   +44.2 (1.300, clean)      

the same at tau = 3.5 d, by spot:
vol   state      | x  0.30   0.50   0.58   0.62   0.70   0.80   0.90   1.00   1.10   1.30
 20%  clean      |    -0.0   -0.0  +86.3  -30.3   -1.9   -0.8   -0.4   -0.1   +1.8   +1.8
 20%  knocked in |    -0.0   -0.0   -0.0   -0.0   -0.1   -0.2   -0.3  -29.0   +1.3   +1.8
 30%  clean      |    -0.0   +0.1  +95.1  -24.4   -2.5   -1.7   -1.2   -0.6   +7.3   +7.7
 30%  knocked in |    -0.0   -0.1   -0.1   -0.1   -0.3   -0.5   +0.4  -34.7   +0.7   +7.7
 40%  clean      |    -0.0   +1.4  +82.5  -15.4   -5.0   -2.4   -2.5   -1.3  +13.1  +15.2
 40%  knocked in |    -0.0   -0.2   -0.3   -0.4   -0.6   -0.9   +1.4  -35.1   -4.0  +15.2
 55%  clean      |    -0.1   +7.2  +60.7   -7.5  -11.2   -3.3   -4.6   -2.1  +18.5  +26.5
 55%  knocked in |    -0.1   -0.4   -0.7   -0.8   -1.2   -1.2   +0.1  -32.9  -10.4  +25.9
 70%  clean      |    -0.2  +13.8  +44.1   -4.7  -16.9   -5.4   -6.7   -2.6  +20.8  +36.7
 70%  knocked in |    -0.2   -0.8   -1.2   -1.4   -1.7   -1.6   -3.3  -30.3  -12.9  +34.0
 90%  clean      |    -0.5  +19.1  +28.9   -4.5  -21.8  -10.2   -9.5   -2.8  +21.5  +47.1
 90%  knocked in |    -0.5   -1.4   -1.8   -2.0   -2.4   -2.9   -8.5  -27.3  -12.5  +40.1

== 6. price range over n at tau = 3.5 d: largest (x, state) ==
vol   | n = 0 .. 18                        | n = 1 .. 18 (release after the next fixing)
 20%  |  133.4 bps at x 0.590, clean      |   55.4 bps at x 0.645, clean
 30%  |  105.0 bps at x 0.585, clean      |   56.1 bps at x 0.665, clean
 40%  |   84.6 bps at x 0.580, clean      |   59.8 bps at x 0.685, clean
 55%  |   87.9 bps at x 1.020, knocked in |   68.7 bps at x 0.725, clean
 70%  |   95.7 bps at x 1.020, knocked in |   79.1 bps at x 0.760, clean
 90%  |  104.4 bps at x 0.735, clean      |   91.9 bps at x 0.800, clean
