teacher {'teacher.py': '5a6f79b3c2e06057107ffe8af7ba1420407a85500e934b25d558d0eeceec86bf', 'teacher_config_v3.json': '24e4871a15b9522eefa012024045045119651a9f23ac6cec9ce70bd7f4eae13b', 'teacher_torch.py': 'b341f77016aab4334ce223c54e8751bb8bf55bb96c2933b669380a3f56b56fbb'}, backend cuda, paths 131072
180544 labels
  17/353 shards (53s)
  34/353 shards (81s)
  51/353 shards (115s)
  68/353 shards (168s)
  85/353 shards (188s)
  102/353 shards (232s)
  119/353 shards (269s)
  136/353 shards (300s)
  153/353 shards (358s)
  170/353 shards (378s)
  187/353 shards (417s)
  204/353 shards (463s)
  221/353 shards (488s)
  238/353 shards (547s)
  255/353 shards (584s)
  272/353 shards (625s)
  289/353 shards (677s)
  306/353 shards (699s)
  323/353 shards (743s)
  340/353 shards (786s)
max label stderr 6.37 bps
  vol barrier kIn obs    below    above   jump@0  slope@1d+  slope@2d+  slope@4d+   slope@7d
 1500 ki        0   1   6028.6  10025.0  +3996.4      458.0      307.4      203.3      145.8
 1500 ki        0   2   6058.2   8066.3  +2008.1      304.3      225.1      163.4      126.8
 1500 ki        0   3   6087.8   7594.4  +1506.6      241.6      181.6      140.4      113.5
 1500 ki        0   5   6147.1   7237.5  +1090.5      182.8      143.1      117.1      101.0
 1500 ki        0   9   6265.6   7033.6   +768.0      133.9      110.6      101.6       82.5
 1500 ki        0  13   6384.1   7009.8   +625.7      113.6       93.2       76.6       75.5
 1500 ki        0  26   6770.2   7195.1   +424.9       80.0       65.3       62.3       57.8
 1500 ki        1   1   6028.6   6030.6     +2.0       10.0       10.0       10.0       10.1
 1500 ki        1   2   6058.2   6060.2     +2.0       10.1       10.0       10.1       10.1
 1500 ki        1   3   6087.8   6089.8     +2.0       10.1       10.1       10.1       10.1
 1500 ki        1   5   6147.0   6149.1     +2.0       10.2       10.1       10.2       10.2
 1500 ki        1   9   6265.6   6267.5     +1.9       10.3       10.3       10.4       10.4
 1500 ki        1  13   6384.1   6386.2     +2.1       10.5       10.4       10.4       10.5
 1500 ki        1  26   6769.7   6771.8     +2.1       10.9       11.0       11.1       11.0
 1500 ac        0   1  10025.0  10000.0    -25.0        1.7        1.1        0.7        0.5
 1500 ac        0   2  10037.3  10000.0    -37.3        2.8        2.0        1.3        1.0
 1500 ac        0   3  10046.4  10000.0    -46.4        3.6        2.6        1.9        1.4
 1500 ac        0   5  10060.3  10000.0    -60.3        5.1        3.7        2.7        2.2
 1500 ac        0   9  10080.8  10000.0    -80.8        7.2        5.7        4.1        3.9
 1500 ac        0  13  10096.7  10000.0    -96.7        8.8        7.1        5.4        4.8
 1500 ac        0  26  10133.6  10000.0   -133.6       12.9       10.6        8.1        7.3
 1500 ac        1   1   9947.8  10000.0    +52.2       10.0       10.0       10.0       10.0
 1500 ac        1   2   9945.7  10000.0    +54.3       10.0       10.0       10.0       10.0
 1500 ac        1   3   9948.4  10000.0    +51.6       10.0       10.0       10.0       10.0
 1500 ac        1   5   9957.9  10000.0    +42.1       10.1        9.9        9.9       10.0
 1500 ac        1   9   9975.6  10000.0    +24.4       10.2       10.0        9.6        9.7
 1500 ac        1  13   9991.8  10000.0     +8.2        9.9       10.2        9.4        9.3
 1500 ac        1  26  10034.4  10000.0    -34.4        9.7        8.1       10.1        9.0
 2000 ki        0   1   6028.6  10025.0  +3996.4      344.9      231.7      155.5      115.1
 2000 ki        0   2   6058.2   8024.6  +1966.4      234.5      170.9      124.5       98.4
 2000 ki        0   3   6087.8   7544.2  +1456.4      184.5      138.8      107.8       90.3
 2000 ki        0   5   6147.0   7188.4  +1041.4      141.5      108.4       91.4       73.5
 2000 ki        0   9   6265.5   6984.9   +719.3      100.6       80.7       67.5       62.4
 2000 ki        0  13   6384.2   6954.3   +570.1       87.8       71.0       62.6       56.5
 2000 ki        0  26   6769.6   7126.7   +357.1       57.0       49.7       43.2       44.1
 2000 ki        1   1   6028.6   6030.6     +2.0       10.0       10.0       10.0       10.1
 2000 ki        1   2   6058.2   6060.2     +2.0       10.1       10.1       10.1       10.1
 2000 ki        1   3   6087.8   6089.8     +2.0       10.1       10.1       10.2       10.2
 2000 ki        1   5   6147.0   6149.1     +2.0       10.2       10.3       10.4       10.3
 2000 ki        1   9   6265.5   6267.6     +2.1       10.5       10.5       10.6       10.4
 2000 ki        1  13   6384.2   6386.3     +2.1       10.7       10.8       10.7       10.6
 2000 ki        1  26   6769.9   6772.0     +2.1       11.1       11.4       11.6       11.6
 2000 ac        0   1  10025.0  10000.0    -25.0        1.3        0.9        0.6        0.4
 2000 ac        0   2  10037.4  10000.0    -37.4        2.1        1.5        1.1        0.8
 2000 ac        0   3  10046.6  10000.0    -46.6        2.9        2.0        1.4        1.1
 2000 ac        0   5  10060.9  10000.0    -60.9        3.9        3.0        2.2        1.8
 2000 ac        0   9  10082.3  10000.0    -82.3        5.7        4.2        3.2        2.7
 2000 ac        0  13  10098.4  10000.0    -98.4        6.8        5.1        4.6        3.8
 2000 ac        0  26  10138.0  10000.0   -138.0        9.9        8.7        6.3        6.1
 2000 ac        1   1   9921.0  10000.0    +79.0       10.0       10.0       10.0       10.0
 2000 ac        1   2   9913.4  10000.0    +86.6       10.0       10.0       10.0        9.9
 2000 ac        1   3   9913.9  10000.0    +86.1        9.9        9.9        9.9        9.9
 2000 ac        1   5   9919.9  10000.0    +80.1        9.8       10.0        9.7        9.9
 2000 ac        1   9   9936.6  10000.0    +63.4        9.9        9.9       10.5       10.2
 2000 ac        1  13   9951.9  10000.0    +48.1       10.3       10.1       10.6       10.6
 2000 ac        1  26   9994.9  10000.0     +5.1       11.3        9.9       11.3       10.6
 3000 ki        0   1   6028.6  10025.0  +3996.4      236.7      157.5      109.1       79.1
 3000 ki        0   2   6058.2   7961.1  +1902.8      150.3      118.5       89.0       69.0
 3000 ki        0   3   6087.8   7461.7  +1373.9      124.7       93.8       73.0       65.5
 3000 ki        0   5   6147.1   7096.4   +949.3       93.1       72.5       59.1       52.3
 3000 ki        0   9   6265.3   6886.9   +621.6       63.6       55.6       50.6       46.3
 3000 ki        0  13   6384.2   6859.7   +475.5       54.3       45.9       43.5       36.6
 3000 ki        0  26   6764.6   7027.7   +263.1       34.1       31.5       32.5       33.8
 3000 ki        1   1   6028.6   6030.6     +2.0       10.0       10.1       10.1       10.2
 3000 ki        1   2   6058.2   6060.2     +2.0       10.2       10.2       10.3       10.2
 3000 ki        1   3   6087.8   6089.8     +2.0       10.3       10.3       10.4       10.4
 3000 ki        1   5   6147.1   6149.1     +2.0       10.5       10.6       10.5       10.7
 3000 ki        1   9   6265.6   6267.4     +1.9       11.0       11.2       11.1       11.2
 3000 ki        1  13   6384.0   6385.7     +1.8       11.6       11.2       11.4       11.7
 3000 ki        1  26   6765.8   6768.0     +2.3       12.4       12.2       12.9       13.2
 3000 ac        0   1  10025.0  10000.0    -25.0        0.9        0.6        0.4        0.3
 3000 ac        0   2  10037.6  10000.0    -37.6        1.5        1.0        0.7        0.6
 3000 ac        0   3  10047.0  10000.0    -47.0        1.9        1.4        1.1        0.8
 3000 ac        0   5  10061.7  10000.0    -61.7        2.8        1.9        1.5        1.3
 3000 ac        0   9  10083.9  10000.0    -83.9        3.9        3.1        2.5        2.2
 3000 ac        0  13  10100.7  10000.0   -100.7        5.0        4.0        3.4        3.5
 3000 ac        0  26  10119.6  10000.0   -119.6        7.4        7.9        8.2        7.3
 3000 ac        1   1   9867.3  10000.0   +132.7        9.9        9.8        9.8        9.7
 3000 ac        1   2   9846.7  10000.0   +153.3       10.1        9.8        9.5        9.8
 3000 ac        1   3   9843.4  10000.0   +156.6       10.1       10.0        9.9        9.5
 3000 ac        1   5   9844.6  10000.0   +155.4       11.1       10.1       10.9       10.6
 3000 ac        1   9   9854.7  10000.0   +145.3       11.5       11.9       11.3       13.6
 3000 ac        1  13   9866.3  10000.0   +133.7       13.9       13.3       12.8       12.1
 3000 ac        1  26   9913.4  10000.0    +86.6       12.4       13.2       12.1       14.6
 4000 ki        0   1   6028.6  10025.0  +3996.4      177.7      120.7       83.6       70.8
 4000 ki        0   2   6058.2   7907.8  +1849.5      117.8       89.9       71.8       53.1
 4000 ki        0   3   6087.9   7402.8  +1314.9       99.9       73.3       59.2       50.9
 4000 ki        0   5   6147.1   7031.6   +884.5       73.4       59.5       51.1       41.8
 4000 ki        0   9   6264.9   6813.0   +548.1       50.9       41.7       38.6       35.0
 4000 ki        0  13   6381.5   6779.4   +397.9       38.6       33.3       34.8       32.6
 4000 ki        0  26   6742.9   6930.1   +187.2       26.4       23.6       24.8       22.6
 4000 ki        1   1   6028.6   6030.6     +2.0       10.1       10.1       10.2       10.3
 4000 ki        1   2   6058.3   6060.3     +2.0       10.3       10.3       10.5       10.5
 4000 ki        1   3   6088.0   6089.8     +1.8       10.5       10.6       10.6       10.9
 4000 ki        1   5   6147.4   6149.2     +1.8       10.9       11.1       10.8       10.9
 4000 ki        1   9   6265.7   6266.8     +1.1       11.5       11.5       11.5       12.1
 4000 ki        1  13   6381.0   6383.2     +2.2       12.3       12.3       11.9       12.0
 4000 ki        1  26   6742.8   6744.1     +1.3       13.7       13.1       14.0       13.4
 4000 ac        0   1  10025.0  10000.0    -25.0        0.6        0.5        0.3        0.2
 4000 ac        0   2  10037.7  10000.0    -37.7        1.1        0.8        0.6        0.5
 4000 ac        0   3  10047.3  10000.0    -47.3        1.5        1.1        0.8        0.6
 4000 ac        0   5  10062.2  10000.0    -62.2        2.2        1.6        1.3        1.2
 4000 ac        0   9  10081.5  10000.0    -81.5        3.3        3.6        2.8        3.2
 4000 ac        0  13  10081.9  10000.0    -81.9        4.9        5.4        4.6        5.8
 4000 ac        0  26  10023.2  10000.0    -23.2       17.1       12.4       10.3       12.2
 4000 ac        1   1   9813.7  10000.0   +186.3        9.6        9.5        9.4        9.4
 4000 ac        1   2   9782.2  10000.0   +217.8       10.0        9.6        9.6        9.6
 4000 ac        1   3   9770.0  10000.0   +230.0       11.1       11.0       10.2       10.3
 4000 ac        1   5   9767.2  10000.0   +232.8       12.6       12.1       11.3       11.0
 4000 ac        1   9   9774.3  10000.0   +225.7       14.9       14.2       13.6       10.9
 4000 ac        1  13   9787.8  10000.0   +212.2       13.6       16.2       13.5       12.9
 4000 ac        1  26   9827.4  10000.0   +172.6       14.9       15.9       15.5       16.4
 5500 ki        0   1   6028.6  10025.0  +3996.4      131.0       89.2       74.3       49.9
 5500 ki        0   2   6058.2   7835.1  +1776.9       84.9       69.0       53.3       44.0
 5500 ki        0   3   6087.6   7312.7  +1225.1       69.8       52.5       44.9       39.8
 5500 ki        0   5   6146.1   6931.0   +784.9       47.7       42.9       39.1       34.4
 5500 ki        0   9   6258.4   6707.0   +448.6       36.8       31.7       29.3       26.2
 5500 ki        0  13   6363.4   6661.3   +298.0       27.7       26.8       23.5       23.2
 5500 ki        0  26   6672.7   6774.3   +101.7       22.3       19.6       17.6       21.9
 5500 ki        1   1   6028.6   6030.6     +2.0       10.1       10.2       10.2       10.5
 5500 ki        1   2   6058.2   6060.3     +2.1       10.4       10.7       10.6       10.7
 5500 ki        1   3   6087.8   6089.7     +2.0       10.8       11.0       10.9       11.4
 5500 ki        1   5   6146.2   6147.8     +1.7       11.5       11.6       11.7       11.5
 5500 ki        1   9   6258.1   6259.2     +1.1       12.2       13.2       13.4       12.9
 5500 ki        1  13   6361.9   6364.6     +2.7       14.1       12.8       13.4       13.1
 5500 ki        1  26   6671.8   6676.7     +4.9       14.8       14.6       16.0       15.8
 5500 ac        0   1  10025.0  10000.0    -25.0        0.5        0.3        0.3        0.2
 5500 ac        0   2  10037.8  10000.0    -37.8        0.9        0.6        0.5        0.8
 5500 ac        0   3  10047.4  10000.0    -47.4        1.2        1.0        1.3        1.6
 5500 ac        0   5  10059.3  10000.0    -59.3        2.6        3.0        3.9        3.3
 5500 ac        0   9  10036.4  10000.0    -36.4        7.2        7.5        7.0        9.0
 5500 ac        0  13   9972.2  10000.0    +27.8       13.3       11.9       13.5       13.3
 5500 ac        0  26   9819.5  10000.0   +180.5       20.8       15.3       19.8       16.0
 5500 ac        1   1   9733.2  10000.0   +266.8        9.1        9.0        9.2        8.8
 5500 ac        1   2   9685.4  10000.0   +314.6       11.0       11.2       10.1       10.2
 5500 ac        1   3   9665.3  10000.0   +334.7       13.1       11.0       11.6       12.4
 5500 ac        1   5   9652.2  10000.0   +347.8       15.9       16.4       13.4       12.0
 5500 ac        1   9   9650.2  10000.0   +349.8       16.7       17.9       15.0       15.3
 5500 ac        1  13   9659.2  10000.0   +340.8       17.4       15.8       17.3       15.0
 5500 ac        1  26   9695.3  10000.0   +304.7       23.0       18.9       25.7       20.3
 7500 ki        0   1   6028.6  10025.0  +3996.4      101.1       74.1       51.6       43.4
 7500 ki        0   2   6058.0   7735.0  +1676.9       68.2       51.1       43.3       36.0
 7500 ki        0   3   6086.5   7209.0  +1122.6       49.9       49.0       35.3       33.1
 7500 ki        0   5   6138.1   6801.2   +663.1       46.1       34.0       30.9       29.6
 7500 ki        0   9   6223.6   6560.7   +337.1       23.4       22.9       24.5       22.9
 7500 ki        0  13   6302.6   6493.3   +190.7       19.6       21.5       20.6       18.6
 7500 ki        0  26   6548.2   6581.5    +33.3       18.5       19.1       18.1       19.0
 7500 ki        1   1   6028.6   6030.6     +2.0       10.2       10.3       10.5       10.7
 7500 ki        1   2   6057.8   6059.8     +2.0       10.9       10.7       11.4       11.1
 7500 ki        1   3   6086.3   6088.7     +2.4       12.1       11.2       11.4       11.8
 7500 ki        1   5   6137.7   6139.8     +2.0       12.1       11.8       12.6       12.7
 7500 ki        1   9   6226.2   6225.9     -0.3       14.1       13.1       13.3       13.5
 7500 ki        1  13   6303.1   6307.1     +4.1       14.3       14.6       14.9       15.0
 7500 ki        1  26   6543.5   6543.7     +0.2       17.8       20.1       18.8       16.0
 7500 ac        0   1  10025.0  10000.0    -25.0        0.4        0.3        0.4        0.6
 7500 ac        0   2  10037.8  10000.0    -37.8        0.9        1.1        1.6        2.9
 7500 ac        0   3  10044.4  10000.0    -44.4        3.1        2.7        4.3        5.3
 7500 ac        0   5  10021.5  10000.0    -21.5        8.0        9.3        7.5       10.4
 7500 ac        0   9   9865.3  10000.0   +134.7       12.4       13.0       17.1       22.6
 7500 ac        0  13   9723.4  10000.0   +276.6       19.6       18.6       19.2       21.0
 7500 ac        0  26   9568.2  10000.0   +431.8       29.2       27.1       20.9       31.0
 7500 ac        1   1   9625.8  10000.0   +374.2        9.6        8.9        9.2        9.7
 7500 ac        1   2   9552.9  10000.0   +447.1       14.5       12.0       11.2       10.4
 7500 ac        1   3   9523.4  10000.0   +476.6       14.0       13.7       11.3       12.2
 7500 ac        1   5   9500.4  10000.0   +499.6       15.9       14.3       14.7       14.4
 7500 ac        1   9   9492.0  10000.0   +508.0       19.9       19.8       17.9       15.8
 7500 ac        1  13   9499.0  10000.0   +501.0       24.2       21.8       19.9       17.8
 7500 ac        1  26   9528.0  10000.0   +472.0       25.8       21.8       24.8       22.0
 9000 ki        0   1   6028.5  10025.0  +3996.5       86.4       59.3       43.7       37.8
 9000 ki        0   2   6056.4   7667.0  +1610.7       53.9       41.8       38.0       34.6
 9000 ki        0   3   6081.5   7119.2  +1037.7       43.5       37.5       32.0       32.8
 9000 ki        0   5   6119.9   6705.2   +585.3       29.7       31.4       29.1       27.2
 9000 ki        0   9   6182.0   6441.3   +259.3       22.0       21.9       19.0       20.0
 9000 ki        0  13   6241.8   6368.6   +126.8       17.5       17.8       23.2       18.4
 9000 ki        0  26   6431.8   6452.1    +20.3       23.4       18.3       18.0       19.8
 9000 ki        1   1   6028.5   6030.5     +2.0       10.3       10.3       10.6       11.0
 9000 ki        1   2   6056.9   6058.6     +1.7       11.1       11.3       11.2       11.6
 9000 ki        1   3   6081.0   6083.8     +2.8       11.6       11.8       11.7       12.2
 9000 ki        1   5   6121.4   6123.1     +1.7       13.0       12.8       13.2       12.9
 9000 ki        1   9   6187.1   6184.3     -2.8       13.5       13.8       16.5       13.5
 9000 ki        1  13   6240.2   6245.4     +5.2       15.9       17.9       15.4       15.7
 9000 ki        1  26   6437.0   6440.7     +3.7       17.6       19.8       20.0       18.4
 9000 ac        0   1  10025.0  10000.0    -25.0        0.3        0.3        0.7        1.6
 9000 ac        0   2  10036.6  10000.0    -36.6        2.0        2.6        4.2        4.2
 9000 ac        0   3  10030.6  10000.0    -30.6        6.4        5.9        7.8       10.9
 9000 ac        0   5   9939.7  10000.0    +60.3       13.6       10.7       13.9       11.7
 9000 ac        0   9   9686.3  10000.0   +313.7       18.9       18.7       17.7       18.5
 9000 ac        0  13   9525.2  10000.0   +474.8       23.0       22.1       20.8       25.2
 9000 ac        0  26   9413.1  10000.0   +586.9       26.9       25.4       21.1       38.4
 9000 ac        1   1   9545.3  10000.0   +454.7        9.9        9.3        9.2        9.3
 9000 ac        1   2   9453.8  10000.0   +546.2       13.1       12.7       12.2       12.3
 9000 ac        1   3   9414.6  10000.0   +585.4       14.0       14.6       13.4       15.6
 9000 ac        1   5   9383.7  10000.0   +616.3       18.5       16.2       17.4       17.1
 9000 ac        1   9   9365.6  10000.0   +634.4       20.7       20.3       20.1       20.1
 9000 ac        1  13   9369.9  10000.0   +630.1       21.5       26.4       23.1       20.5
 9000 ac        1  26   9393.1  10000.0   +606.9       24.9       25.7       23.4       25.5
12000 ki        0   1   6026.7  10025.0  +3998.3       68.6       46.6       44.5       35.4
12000 ki        0   2   6044.5   7532.4  +1487.9       42.0       36.1       30.1       29.2
12000 ki        0   3   6053.8   6952.8   +899.1       36.1       31.7       25.9       26.4
12000 ki        0   5   6057.1   6513.9   +456.8       24.7       23.3       21.6       21.1
12000 ki        0   9   6066.8   6220.8   +154.0       25.1       18.1       17.4       19.3
12000 ki        0  13   6098.8   6148.1    +49.3       21.0       20.9       18.2       19.0
12000 ki        0  26   6224.1   6231.6     +7.6       28.3       24.4       23.4       25.8
12000 ki        1   1   6026.7   6028.7     +2.0       10.5       10.5       11.0       11.5
12000 ki        1   2   6044.5   6046.7     +2.2       12.0       12.4       12.2       11.7
12000 ki        1   3   6052.1   6054.8     +2.6       12.1       11.9       11.8       12.8
12000 ki        1   5   6057.4   6059.6     +2.2       12.9       14.3       14.2       14.9
12000 ki        1   9   6065.7   6068.8     +3.1       16.1       16.9       16.2       21.5
12000 ki        1  13   6093.0   6096.1     +3.1       16.4       21.5       17.6       23.8
12000 ki        1  26   6230.2   6234.6     +4.3       22.2       29.2       23.0       22.3
12000 ac        0   1  10025.0  10000.0    -25.0        0.5        0.7        1.9        4.5
12000 ac        0   2  10023.1  10000.0    -23.1        4.7        8.7        7.6        8.7
12000 ac        0   3   9951.5  10000.0    +48.5       11.3       10.4       15.4       13.7
12000 ac        0   5   9683.4  10000.0   +316.6       16.7       17.4       19.3       28.6
12000 ac        0   9   9314.7  10000.0   +685.3       22.3       24.4       23.6       24.3
12000 ac        0  13   9175.0  10000.0   +825.0       25.8       30.1       27.2       24.2
12000 ac        0  26   9143.7  10000.0   +856.3       26.9       32.9       29.9       27.5
12000 ac        1   1   9384.2  10000.0   +615.8       10.1        8.9        9.5       10.1
12000 ac        1   2   9258.4  10000.0   +741.6       15.5       15.1       14.5       15.0
12000 ac        1   3   9204.1  10000.0   +795.9       17.6       21.0       18.1       18.4
12000 ac        1   5   9149.9  10000.0   +850.1       22.0       20.2       19.4       20.1
12000 ac        1   9   9125.1  10000.0   +874.9       22.1       23.4       23.5       22.3
12000 ac        1  13   9113.9  10000.0   +886.1       26.6       20.6       29.2       33.1
12000 ac        1  26   9149.3  10000.0   +850.7       27.8       31.1       24.2       26.6
exit 0
