teacher {'teacher.py': '3e3ff8c33c91887544f6e959beaade8b780db505e6d171e9eadfb31c0f140910', 'teacher_config.json': '463782fbc14f5f6d53d5dd44a75fd4ad0dd4305f9e31f2d114a8be10fd020638', 'teacher_torch.py': '242f89d3c7360e5935f2ba7c7165867707906a493f1f8c412f891419ae1bd2ba'}, backend cuda, paths 262144
max label stderr 3.09 bps
barrier kIn obs    below    above   jump@0  slope@1d+ /10bps
ki        0   1   6024.0  10017.3  +3993.3             144.2
ki        0   2   6048.9   7819.9  +1771.0              89.7
ki        0   3   6073.8   7299.4  +1225.6              71.5
ki        0   5   6123.0   6900.7   +777.7              48.4
ki        0   9   6215.7   6657.6   +441.9              37.1
ki        0  13   6300.6   6596.3   +295.7              26.5
ki        0  26   6549.8   6649.7    +99.9              16.8
ki        1   1   6024.0   6026.0     +2.0              10.1
ki        1   2   6049.0   6051.0     +2.1              10.3
ki        1   3   6073.7   6075.6     +1.9              10.5
ki        1   5   6122.9   6124.7     +1.8              11.1
ki        1   9   6215.3   6217.1     +1.8              11.3
ki        1  13   6300.4   6301.3     +0.9              12.3
ki        1  26   6549.3   6549.8     +0.5              13.6
ac        0   1  10017.3  10000.0    -17.3               0.4
ac        0   2  10026.2  10000.0    -26.2               0.6
ac        0   3  10032.8  10000.0    -32.8               0.9
ac        0   5  10040.1  10000.0    -40.1               2.1
ac        0   9  10008.8  10000.0     -8.8               6.9
ac        0  13   9944.1  10000.0    +55.9               8.1
ac        0  26   9777.5  10000.0   +222.5              14.1
ac        1   1   9729.0  10000.0   +271.0               9.3
ac        1   2   9675.4  10000.0   +324.6              11.3
ac        1   3   9652.7  10000.0   +347.3              13.1
ac        1   5   9636.6  10000.0   +363.4              14.0
ac        1   9   9628.6  10000.0   +371.4              18.5
ac        1  13   9632.5  10000.0   +367.5              16.2
ac        1  26   9662.7  10000.0   +337.3              15.2
