# squared-move note check; teacher world merton-earnings-tsla-2016-2026, drift 0.04, discount 0.0, dt 7/365
== (0) one fixing, per 1,000 USDG of live notional (R fair at vol 55%, cycle average) ==
  set A: a 0.0190 (half of the notional is back after 36.1 weeks), cap 0.20, R 0.1389: slice 19.00, coupon 2.64
    move            +0%      +5%      -5%     +10%     -10%     +20%     -20%     +35%     -35%
    q            0.0000   0.0595   0.0658   0.2273   0.2778   0.8333   1.0000   1.0000   1.0000
    WRITER         0.00     1.13     1.25     4.32     5.28    15.83    19.00    19.00    19.00
    NOTE          21.63    20.50    20.38    17.32    16.36     5.80     2.64     2.64     2.64
  set B: a 0.0500 (half of the notional is back after 13.5 weeks), cap 0.30, R 0.0644: slice 50.00, coupon 3.22
    move            +0%      +5%      -5%     +10%     -10%     +20%     -20%     +35%     -35%
    q            0.0000   0.0265   0.0292   0.1010   0.1235   0.3704   0.5556   1.0000   1.0000
    WRITER         0.00     1.32     1.46     5.05     6.17    18.52    27.78    50.00    50.00
    NOTE          53.22    51.90    51.76    48.17    47.05    34.70    25.44     3.22     3.22

== (1) closed form vs simulation (teacher's world, 2^22 weeks each) ==
  vol 0.55 cap 0.20 earnings 0 days 7.0 move so far +0.00: closed form 0.129515  simulated 0.129597  z +0.88
  vol 0.55 cap 0.20 earnings 1 days 7.0 move so far +0.00: closed form 0.251929  simulated 0.252244  z +2.17
  vol 0.90 cap 0.15 earnings 1 days 7.0 move so far +0.00: closed form 0.570052  simulated 0.570073  z +0.11
  vol 0.20 cap 0.30 earnings 0 days 7.0 move so far +0.00: closed form 0.007848  simulated 0.007855  z +1.12
  vol 0.55 cap 0.20 earnings 0 days 2.0 move so far -0.12: closed form 0.440347  simulated 0.440349  z +0.01
  vol 0.55 cap 0.20 earnings 1 days 1.0 move so far +0.10: closed form 0.338295  simulated 0.338364  z +0.43
  max |z| 2.17
  E[f / f0] = e^(r dt) to 1e-12

== (2) one week's expected squared move, uncapped, in units of vol^2 * dt ==
  vol   GBM     teacher normal week   earnings week   cycle average
  0.20  1.0004  0.9208                1.9566          1.0004
  0.30  1.0004  0.9208                1.9580          1.0006
  0.40  1.0010  0.9213                1.9605          1.0012
  0.55  1.0022  0.9225                1.9658          1.0027
  0.70  1.0040  0.9241                1.9729          1.0048
  0.90  1.0071  0.9270                1.9851          1.0084

== (3) fair coupon, %/yr = phi * R, R = expected q (phi 1.000000/yr, a 0.018995) ==
  teacher's world, n = 0..12 fixings before the earnings week: lowest .. highest;  [GBM at the same vol]
  share cut = part of the expected squared move the cap removes (cycle average)
  cap m 0.15 (M 0.0225: a week of +16.2% or -13.9% pays the whole slice)
    vol 0.20:   3.38 ..   3.44   [GBM   3.41]   normal week q 0.0314, earnings week 0.0667; share cut   0.01%
    vol 0.30:   7.56 ..   7.69   [GBM   7.67]   normal week q 0.0704, earnings week 0.1466; share cut   0.68%
    vol 0.40:  13.03 ..  13.24   [GBM  13.48]   normal week q 0.1223, earnings week 0.2400; share cut   3.82%
    vol 0.55:  22.23 ..  22.51   [GBM  23.62]   normal week q 0.2115, earnings week 0.3691; share cut  13.50%
    vol 0.70:  31.09 ..  31.40   [GBM  33.34]   normal week q 0.2992, earnings week 0.4709; share cut  25.56%
    vol 0.90:  41.22 ..  41.52   [GBM  44.08]   normal week q 0.4006, earnings week 0.5701; share cut  40.58%
  cap m 0.20 (M 0.0400: a week of +22.1% or -18.1% pays the whole slice)
    vol 0.20:   1.90 ..   1.94   [GBM   1.92]   normal week q 0.0177, earnings week 0.0375; share cut   0.00%
    vol 0.30:   4.28 ..   4.36   [GBM   4.32]   normal week q 0.0397, earnings week 0.0843; share cut   0.05%
    vol 0.40:   7.56 ..   7.70   [GBM   7.67]   normal week q 0.0704, earnings week 0.1468; share cut   0.68%
    vol 0.55:  13.79 ..  14.01   [GBM  14.30]   normal week q 0.1295, earnings week 0.2519; share cut   4.47%
    vol 0.70:  20.71 ..  20.99   [GBM  21.94]   normal week q 0.1967, earnings week 0.3500; share cut  11.69%
    vol 0.90:  29.73 ..  30.03   [GBM  31.86]   normal week q 0.2856, earnings week 0.4567; share cut  23.70%
  cap m 0.30 (M 0.0900: a week of +34.8% or -25.8% pays the whole slice)
    vol 0.20:   0.85 ..   0.86   [GBM   0.85]   normal week q 0.0078, earnings week 0.0167; share cut   0.00%
    vol 0.30:   1.90 ..   1.94   [GBM   1.92]   normal week q 0.0177, earnings week 0.0376; share cut   0.00%
    vol 0.40:   3.38 ..   3.45   [GBM   3.41]   normal week q 0.0314, earnings week 0.0668; share cut   0.01%
    vol 0.55:   6.38 ..   6.50   [GBM   6.46]   normal week q 0.0594, earnings week 0.1250; share cut   0.36%
    vol 0.70:  10.21 ..  10.38   [GBM  10.44]   normal week q 0.0953, earnings week 0.1939; share cut   1.93%
    vol 0.90:  16.12 ..  16.36   [GBM  16.85]   normal week q 0.1519, earnings week 0.2874; share cut   6.71%
  cap m 0.50 (M 0.2500: a week of +64.0% or -39.0% pays the whole slice)
    vol 0.20:   0.30 ..   0.31   [GBM   0.31]   normal week q 0.0028, earnings week 0.0060; share cut   0.00%
    vol 0.30:   0.68 ..   0.70   [GBM   0.69]   normal week q 0.0064, earnings week 0.0135; share cut   0.00%
    vol 0.40:   1.22 ..   1.24   [GBM   1.23]   normal week q 0.0113, earnings week 0.0241; share cut   0.00%
    vol 0.55:   2.31 ..   2.35   [GBM   2.33]   normal week q 0.0214, earnings week 0.0456; share cut   0.00%
    vol 0.70:   3.74 ..   3.81   [GBM   3.77]   normal week q 0.0347, earnings week 0.0741; share cut   0.03%
    vol 0.90:   6.19 ..   6.30   [GBM   6.26]   normal week q 0.0575, earnings week 0.1217; share cut   0.34%
  knock-in note P1 (docs/p1-perp-student.md): 1.36 / 5.83 / 11.59 / 20.22 / 27.99 / 36.93 at these vols
  the two sets, cash coupon per year for a position kept at a constant size = a * R * 365 / 7 (cycle average R):
    set A (a 0.0190, cap 0.20): 20%: R 0.0192 ->   1.90  30%: R 0.0432 ->   4.27  40%: R 0.0763 ->   7.56  55%: R 0.1389 ->  13.76  70%: R 0.2084 ->  20.65  90%: R 0.2988 ->  29.59
    set B (a 0.0500, cap 0.30): 20%: R 0.0085 ->   2.22  30%: R 0.0192 ->   5.00  40%: R 0.0341 ->   8.90  55%: R 0.0644 ->  16.79  70%: R 0.1029 ->  26.83  90%: R 0.1624 ->  42.33

== (4) the two dials: share at stake per week (a) and the cap (m); teacher's world, vol 55% ==
  a       cap m   fair R    coupon per year at a constant position (a R / dt)   share cut   one week's stake a*R, bps of notional
  0.0190  0.15    0.2236     22.15%  (R over the cycle 0.2223..0.2251)           13.50%        42.5
  0.0190  0.20    0.1389     13.76%  (R over the cycle 0.1379..0.1401)            4.47%        26.4
  0.0190  0.30    0.0644      6.38%  (R over the cycle 0.0638..0.0650)            0.36%        12.2
  0.0500  0.30    0.0644     16.79%  (R over the cycle 0.0630..0.0661)            0.36%        32.2
  0.1000  0.45    0.0287     14.98%  (R over the cycle 0.0276..0.0304)            0.00%        28.7
  0.2500  0.70    0.0119     15.48%  (R over the cycle 0.0110..0.0141)            0.00%        29.7
  0.5000  1.00    0.0058     15.17%  (R over the cycle 0.0054..0.0084)            0.00%        29.1
  1.0000  1.40    0.0030     15.48%  (R over the cycle 0.0027..0.0027)            0.00%        29.7

== (5) NOTE principal mid-week, bps of live notional (teacher's world, vol 55%, no earnings in the week) ==
  set A (a 0.0190, cap 0.20): right after a fixing 8610.9; the notional not released at the next fixing is worth 8609.1 per unit
    move so far     -40%    -30%    -20%    -10%     -5%     +0%     +5%    +10%    +20%    +30%    +40%
    5.00 d to go  8445.6  8446.0  8466.6  8567.8  8605.1  8617.7  8607.5  8578.6  8496.9  8453.8  8446.5
    3.50 d to go  8445.6  8445.8  8461.6  8571.4  8610.2  8622.9  8612.3  8582.1  8492.6  8450.6  8446.0
    1.00 d to go  8445.6  8445.6  8450.1  8579.1  8619.3  8631.9  8620.7  8589.1  8482.0  8446.4  8445.6
    0.25 d to go  8445.6  8445.6  8446.4  8581.8  8622.1  8634.6  8623.3  8591.5  8477.9  8445.7  8445.6
    0.00 d to go  8445.6  8445.6  8445.6  8582.8  8623.0  8635.5  8624.2  8592.4  8477.2  8445.6  8445.6
    range over the table 190.0 bps; the bound is a = 190.0 bps
  set B (a 0.0500, cap 0.30): right after a fixing 9356.9; the notional not released at the next fixing is worth 9354.3 per unit
    move so far     -40%    -30%    -20%    -10%     -5%     +0%     +5%    +10%    +20%    +30%    +40%
    5.00 d to go  8886.7  8903.2  9097.1  9302.2  9350.0  9365.4  9352.9  9316.4  9186.3  9021.2  8916.7
    3.50 d to go  8886.6  8897.1  9098.7  9308.9  9356.5  9371.7  9359.0  9322.2  9190.0  9014.7  8907.4
    1.00 d to go  8886.6  8888.5  9104.8  9320.3  9367.5  9382.3  9369.2  9332.1  9197.8  9003.7  8890.8
    0.25 d to go  8886.6  8887.0  9107.7  9323.7  9370.8  9385.5  9372.3  9335.1  9200.5  9002.1  8887.4
    0.00 d to go  8886.6  8886.6  9108.8  9324.8  9371.9  9386.6  9373.3  9336.1  9201.4  9002.0  8886.6
    range over the table 500.0 bps; the bound is a = 500.0 bps

== (6) what vol does to the price, and reading vol from the price (right after a fixing, P1's a) ==
  spread = P(vol - 2 points) - P(vol + 2 points), bps of notional (P1: mean 121, max 296)
  cap m 0.20
    vol 0.20: spread   76.7   vol read back: no cap, no model  20.0%   capped smooth walk  20.0%
    vol 0.30: spread  114.8   vol read back: no cap, no model  30.0%   capped smooth walk  30.0%
    vol 0.40: spread  148.9   vol read back: no cap, no model  39.9%   capped smooth walk  39.9%
    vol 0.55: spread  180.5   vol read back: no cap, no model  53.8%   capped smooth walk  54.2%
    vol 0.70: spread  186.6   vol read back: no cap, no model  65.9%   capped smooth walk  67.9%
    vol 0.90: spread  171.9   vol read back: no cap, no model  78.9%   capped smooth walk  85.8%
  cap m 0.30
    vol 0.20: spread   34.1   vol read back: no cap, no model  20.0%   capped smooth walk  20.0%
    vol 0.30: spread   51.2   vol read back: no cap, no model  30.0%   capped smooth walk  30.0%
    vol 0.40: spread   68.3   vol read back: no cap, no model  40.0%   capped smooth walk  40.0%
    vol 0.55: spread   92.6   vol read back: no cap, no model  55.0%   capped smooth walk  54.9%
    vol 0.70: spread  111.4   vol read back: no cap, no model  69.5%   capped smooth walk  69.5%
    vol 0.90: spread  124.0   vol read back: no cap, no model  87.3%   capped smooth walk  88.2%
  cap m 0.50
    vol 0.20: spread   12.3   vol read back: no cap, no model  20.0%   capped smooth walk  20.0%
    vol 0.30: spread   18.4   vol read back: no cap, no model  30.0%   capped smooth walk  30.0%
    vol 0.40: spread   24.6   vol read back: no cap, no model  40.0%   capped smooth walk  40.0%
    vol 0.55: spread   34.0   vol read back: no cap, no model  55.1%   capped smooth walk  55.0%
    vol 0.70: spread   43.3   vol read back: no cap, no model  70.2%   capped smooth walk  70.0%
    vol 0.90: spread   55.2   vol read back: no cap, no model  90.2%   capped smooth walk  89.9%

== (7) what a model would have to add: NOTE principal, teacher - formula, bps of live notional ==
  formula = one normal per week with that week's variance (formula_q); the gap is the shape of the tail
  right after a fixing, largest over n = 0..12; in brackets teacher - smooth walk without earnings timing
  vol         20%           30%           40%           55%           70%           90%
  cap m 0.15:   +0.0 [  -3.2]    +2.9 [ +11.2]   +22.7 [ +44.8]   +90.4 [+138.9]  +159.3 [+224.5]  +213.0 [+285.6]
  cap m 0.20:   -0.0 [  -1.8]    +0.1 [  +4.0]    +2.9 [ +11.1]   +27.0 [ +51.3]   +77.7 [+122.3]  +149.1 [+212.4]
  cap m 0.30:   -0.0 [  -0.8]    -0.0 [  -1.8]    -0.0 [  -3.3]    +1.2 [  +7.5]    +9.7 [ +23.7]   +41.9 [ +73.4]
  cap m 0.50:   -0.0 [  -0.3]    -0.0 [  -0.7]    -0.0 [  -1.2]    -0.1 [  -2.3]    -0.1 [  -3.8]    +0.8 [  +6.7]
  mid-week, the slice released next: a * max |teacher - formula| over a move so far of -40%..+40%,
  6 hours..7 days to go, with and without an earnings release ahead in the week
  a 0.0190 cap m 0.20:   0.8    1.3    1.7    2.4    3.0    3.9
  a 0.0190 cap m 0.30:   0.6    0.9    1.2    1.6    2.0    2.6
  a 0.0500 cap m 0.30:   1.5    2.3    3.0    4.2    5.3    6.9

== (8) NOTE over one year, per 1,000 USDG of notional, no reinvestment (teacher's world, vol 55%, fair R) ==
  set A (a 0.0190, cap 0.20, R 0.1389): principal released if nothing is lost 631.1, coupon 87.7, left in the note 368.9
    profit against holding USDG: mean +0.0, std 18.3; percentiles 1%: -46.8, 5%: -31.7, 25%: -11.7, 50%: +1.1, 75%: +13.0, 95%: +28.1, 99%: +37.4
    worst of 200000 years -101.6; the floor (every week at the cap) -543.4; the most one week can cost -16.4
  set B (a 0.0500, cap 0.30, R 0.0644): principal released if nothing is lost 930.6, coupon 59.9, left in the note 69.4
    profit against holding USDG: mean +0.1, std 16.5; percentiles 1%: -46.8, 5%: -30.1, 25%: -9.6, 50%: +2.0, 75%: +11.9, 95%: +23.3, 99%: +29.9
    worst of 200000 years -105.1; the floor (every week at the cap) -870.6; the most one week can cost -46.8

== (9) TSLA 2011-2026, weekly (last close of each week, ml/data/tsla_daily.csv) ==
  NOTE profit: per 1,000 USDG of notional at the start of the year, cap 0.20, R 0.1573 (fair at vol 59.0%), no reinvestment
  year  weeks  vol %   break-even coupon %/yr at cap 0.15 / 0.20 / 0.30   model at that vol (0.20)   weeks at the cap (0.20)   largest week   NOTE profit
  2011   52    46.2    17.54 /  10.24 /   4.55                        10.06                  0                  -15.2%        +36.2
  2012   52    46.5    17.68 /  10.37 /   4.61                        10.19                  0                  -15.3%        +22.1
  2013   52    61.4    23.04 /  14.38 /   7.46                        16.82                  1                  +40.7%        +10.8
  2014   52    42.5    15.15 /   8.66 /   3.85                         8.58                  0                  +16.8%        +40.5
  2015   53    39.5    13.28 /   7.47 /   3.32                         7.43                  0                  +12.3%        +54.5
  2016   52    43.8    16.05 /   9.21 /   4.09                         9.10                  0                  -15.0%        +31.3
  2017   52    35.2    10.60 /   5.96 /   2.65                         5.95                  0                  -13.4%        +62.4
  2018   52    55.9    23.36 /  14.13 /   6.67                        14.31                  1                  +27.3%        +17.3
  2019   52    51.1    19.08 /  11.58 /   5.57                        12.16                  1                  +27.7%        +28.1
  2020   53    90.6    41.50 /  31.45 /  17.57                        30.16                  7                  -25.9%       -110.8
  2021   52    56.9    23.32 /  15.07 /   6.92                        14.76                  2                  +24.7%         +0.0
  2022   52    63.3    31.34 /  19.22 /   8.54                        17.70                  0                  -18.0%        -15.8
  2023   52    57.0    22.03 /  13.53 /   6.94                        14.80                  1                  +33.3%         +5.9
  2024   52    63.3    26.04 /  17.17 /   8.55                        17.70                  2                  +29.0%         -3.1
  2025   52    49.2    19.71 /  11.64 /   5.17                        11.35                  0                  +18.1%        +20.5
  2026   40    40.6    12.32 /   7.93 /   3.53                         7.87                  0                  -17.8%        +43.9
  break-even coupon (cap 0.20) over these years: min 6.0, median 11.6, max 31.4 %/yr
  the teacher's fit window 2016-09-28 .. 2026-09-28: 523 weeks, weekly vol 58.0% (the daily fit: 59.0%)
    cap 0.15: realized break-even coupon  22.79 +-   1.30 %/yr;  teacher at vol 58.0%:  24.18;  smooth walk:  25.62
    cap 0.20: realized break-even coupon  14.68 +-   0.98 %/yr;  teacher at vol 58.0%:  15.24;  smooth walk:  15.77
    cap 0.30: realized break-even coupon   7.17 +-   0.57 %/yr;  teacher at vol 58.0%:   7.14;  smooth walk:   7.17
    cap 0.50: realized break-even coupon   2.58 +-   0.21 %/yr;  teacher at vol 58.0%:   2.58;  smooth walk:   2.58
    squared weekly moves, correlation with the week before: 0.15;  vol by calendar year: 35% .. 91%

== (10) the other reading: the slice pays (f / H)^2 with H fixed (Squeeth's index), smooth walk, no cap ==
  value = x^2 * a g / (1 - (1 - a) g), g = e^((2 r + vol^2) dt); it is finite only while 2 r + vol^2 < phi
  vol 0.20: value / x^2 =   1.138
  vol 0.30: value / x^2 =   1.207
  vol 0.40: value / x^2 =   1.319
  vol 0.55: value / x^2 =   1.625
  vol 0.70: value / x^2 =   2.338
  vol 0.90: value / x^2 =   9.169
  infinite from vol 95.9% (phi 1.0000, r 0.04)

== (11) side by side on TSLA's weekly closes: cash per 1,000 USDG of notional at the start of each year ==
  no reinvestment; both coupons fair at vol 59.0% in their own model; cash only: what is still in the note
  at the year's end is not marked (a knocked-in note carries its loss into the next year)
  knock-in note: k 0.6, a 0.0190, R 0.2240 (closed form);  squared-move notes: a 0.0190, cap 0.20, R 0.1573;  a 0.0500, cap 0.30, R 0.0740
  squared-move notes: profit without reinvestment, worst week, and profit of a position topped up to 1,000
  of notional every week at par (the note has no state, so right after a fixing it is at par at the fair vol)
  year   knock-in note: profit, weeks knocked in, lowest fixing vs reference   squared a 0.019 cap 0.20: profit, worst week, constant position   squared a 0.050 cap 0.30: profit, worst week, constant position
  2011     +141.4,  0, 100.0%                                           +36.2,   -7.1,    +54.3             +28.9,   -5.6,    +74.2
  2012     +141.4,  0, 100.0%                                           +22.1,  -10.0,    +53.0              +5.6,  -11.1,    +72.6
  2013     +141.4,  0, 100.0%                                           +10.8,  -11.3,    +13.3              +4.8,  -18.4,     -1.5
  2014     +141.4,  0, 100.0%                                           +40.5,   -8.0,    +69.8             +25.9,   -8.6,    +92.4
  2015     +142.9,  0, 100.0%                                           +54.5,   -1.5,    +83.2             +40.3,   -0.9,   +108.2
  2016       +2.6, 48,  53.9%                                           +31.3,   -8.8,    +64.4             +13.2,   -8.9,    +86.0
  2017     +121.0, 13,  81.8%                                           +62.4,   -4.1,    +96.5             +45.6,   -2.1,   +123.6
  2018     +141.4,  0, 100.0%                                           +17.3,   -7.2,    +15.8             +21.9,   -3.3,    +18.9
  2019      +31.7, 31,  48.3%                                           +28.1,   -7.2,    +41.1             +22.2,   -6.3,    +47.5
  2020     +103.0, 12,  47.5%                                          -110.8,  -13.7,   -158.2            -123.1,  -30.7,   -269.5
  2021     +141.4,  0, 100.0%                                            +0.0,  -16.0,     +6.5             -10.2,  -23.5,    +12.7
  2022       +5.7, 33,  30.2%                                           -15.8,   -6.1,    -34.4              -0.9,   -3.4,    -29.6
  2023     -166.2, 52,  27.8%                                            +5.9,  -15.1,    +21.7             -21.5,  -36.5,    +12.0
  2024     -155.2, 49,  36.1%                                            -3.1,   -9.7,    -14.2              +2.5,   -7.5,    -29.8
  2025      +39.8, 28,  54.9%                                           +20.5,   -7.4,    +40.4             +14.0,   -5.1,    +58.0
  2026     +120.0,  0, 100.0%                                           +43.9,   -8.8,    +59.3             +38.3,   -4.0,    +77.5
  sum over the years: knock-in +1093.6; squared a 0.019 cap 0.20: +243.8 (constant position +412.6); a 0.050 cap 0.30: +107.5 (constant position +453.3)
  knocked in for 266 of 848 weeks; at the end of the data: clean, fixing at 74.3% of the reference

== (12) two other rules without state, one week (teacher's world, average over the earnings cycle) ==
  put-write: q = max(0, 1 - f / f0), NOTE loses the week's fall;  range: q = 1 if the week's move is beyond +-10%
  vol 0.20: put-write E[q] 1.03% of the slice; coupon per year at a constant size: a 0.019: 1.0%, a 0.050: 2.7%, a 0.250: 13.5%;  P(move beyond 10%) 0.2%
  vol 0.30: put-write E[q] 1.57% of the slice; coupon per year at a constant size: a 0.019: 1.6%, a 0.050: 4.1%, a 0.250: 20.5%;  P(move beyond 10%) 2.4%
  vol 0.40: put-write E[q] 2.11% of the slice; coupon per year at a constant size: a 0.019: 2.1%, a 0.050: 5.5%, a 0.250: 27.5%;  P(move beyond 10%) 7.3%
  vol 0.55: put-write E[q] 2.91% of the slice; coupon per year at a constant size: a 0.019: 2.9%, a 0.050: 7.6%, a 0.250: 37.9%;  P(move beyond 10%) 17.4%
  vol 0.70: put-write E[q] 3.72% of the slice; coupon per year at a constant size: a 0.019: 3.7%, a 0.050: 9.7%, a 0.250: 48.4%;  P(move beyond 10%) 27.5%
  vol 0.90: put-write E[q] 4.79% of the slice; coupon per year at a constant size: a 0.019: 4.7%, a 0.050: 12.5%, a 0.250: 62.4%;  P(move beyond 10%) 38.9%
