# jump teacher merton-tsla-2016-2026: lambdaYear 72.2299, muJ -5.9616e-06, sigmaJ 0.0526104, jump vol 0.4471, diffusion vol at 55% total 0.3203
# product ki 6000 / ac 10000 / coupon 25 / total vol 5500, tNext 86400 s, 1048576 paths, seeds 9001 (GBM) / 9002 (jump); 236s
| obs left | knocked in | spot | GBM (bps) | jump (bps) | jump − GBM (bps) | z |
|---:|---:|---:|---:|---:|---:|---:|
| 26 | no | 5500 | 6089.8 ± 0.5 | 6089.3 ± 0.5 | -0.5 ± 0.8 | -0.6 |
| 26 | no | 7000 | 7752.9 ± 0.9 | 7766.7 ± 0.9 | +13.8 ± 1.2 | +11.3 |
| 26 | no | 8500 | 8997.7 ± 1.6 | 9008.6 ± 1.6 | +10.9 ± 2.3 | +4.8 |
| 26 | no | 9500 | 9572.1 ± 1.3 | 9571.3 ± 1.3 | -0.7 ± 1.9 | -0.4 |
| 26 | yes | 5500 | 6090.7 ± 0.5 | 6088.3 ± 0.5 | -2.4 ± 0.7 | -3.2 |
| 26 | yes | 7000 | 7447.3 ± 0.6 | 7440.4 ± 0.6 | -6.9 ± 0.9 | -7.8 |
| 26 | yes | 8500 | 8662.0 ± 1.3 | 8648.5 ± 1.3 | -13.5 ± 1.8 | -7.6 |
| 26 | yes | 9500 | 9377.9 ± 1.3 | 9361.3 ± 1.3 | -16.7 ± 1.8 | -9.0 |
| 13 | no | 5500 | 5817.6 ± 0.3 | 5821.0 ± 0.3 | +3.4 ± 0.5 | +7.0 |
| 13 | no | 7000 | 8154.2 ± 1.1 | 8180.6 ± 1.2 | +26.4 ± 1.6 | +16.4 |
| 13 | no | 8500 | 9496.0 ± 1.4 | 9508.1 ± 1.4 | +12.1 ± 2.0 | +6.0 |
| 13 | no | 9500 | 9854.7 ± 1.0 | 9856.6 ± 1.0 | +1.9 ± 1.4 | +1.4 |
| 13 | yes | 5500 | 5816.9 ± 0.3 | 5815.8 ± 0.3 | -1.2 ± 0.5 | -2.5 |
| 13 | yes | 7000 | 7253.9 ± 0.3 | 7249.7 ± 0.3 | -4.1 ± 0.4 | -9.3 |
| 13 | yes | 8500 | 8559.6 ± 0.8 | 8550.5 ± 0.8 | -9.1 ± 1.1 | -8.2 |
| 13 | yes | 9500 | 9332.0 ± 1.1 | 9315.7 ± 1.0 | -16.3 ± 1.5 | -11.0 |
| 2 | no | 5500 | 5555.8 ± 0.1 | 5578.9 ± 0.3 | +23.2 ± 0.3 | +72.5 |
| 2 | no | 7000 | 9905.5 ± 0.7 | 9893.3 ± 0.7 | -12.2 ± 1.0 | -12.0 |
| 2 | no | 8500 | 10036.7 ± 0.0 | 10035.6 ± 0.1 | -1.1 ± 0.1 | -16.3 |
| 2 | no | 9500 | 10031.7 ± 0.0 | 10032.2 ± 0.0 | +0.4 ± 0.0 | +25.2 |
| 2 | yes | 5500 | 5553.5 ± 0.0 | 5553.5 ± 0.0 | +0.1 ± 0.1 | +1.6 |
| 2 | yes | 7000 | 7053.2 ± 0.0 | 7052.9 ± 0.0 | -0.3 ± 0.1 | -5.1 |
| 2 | yes | 8500 | 8523.0 ± 0.0 | 8519.3 ± 0.0 | -3.8 ± 0.1 | -71.7 |
| 2 | yes | 9500 | 9363.9 ± 0.2 | 9360.9 ± 0.2 | -3.0 ± 0.3 | -10.4 |
# max |jump − GBM| 26.4 bps; states with |z| > 3: 19 of 24; max stderr GBM 1.61 / jump 1.61 bps
