data loaded from data_fixed.npz: (200000, 10)
target standardization: mean 8494.6 std 1981.8
param count: 1961
epoch    1  val RMSE   291.56 bps
epoch   25  val RMSE    77.13 bps
epoch   50  val RMSE    43.20 bps
epoch   75  val RMSE    37.87 bps
epoch  100  val RMSE    45.90 bps
epoch  125  val RMSE    25.35 bps
epoch  150  val RMSE    35.67 bps
epoch  175  val RMSE    28.21 bps
epoch  200  val RMSE    23.59 bps
epoch  225  val RMSE    22.06 bps
epoch  250  val RMSE    21.85 bps
epoch  275  val RMSE    21.94 bps
epoch  300  val RMSE    22.02 bps
epoch  325  val RMSE    22.02 bps
epoch  350  val RMSE    20.52 bps
epoch  375  val RMSE    24.04 bps
epoch  400  val RMSE    24.67 bps
epoch  425  val RMSE    20.53 bps
epoch  450  val RMSE    27.53 bps
epoch  475  val RMSE    25.94 bps
epoch  500  val RMSE    27.90 bps
epoch  525  val RMSE    28.17 bps
epoch  550  val RMSE    18.68 bps
epoch  575  val RMSE    16.71 bps
epoch  600  val RMSE    16.75 bps
best val RMSE 16.22 bps | train RMSE 17.12 bps (label-noise floor ~5.9 bps)
total runtime 114.9s
