
== 0. Nitro dev node (offchainlabs/nitro-node:v3.11.4-7d5ac27) on http://127.0.0.1:8848
chain id 412346, dev account 0x3f1Eae7D46d88F08fc2F8ed27FCb2AB183EB2d0E (1000.000000000000000000 ETH)

== 1. Stylus pricer from /opt/ai/sp-worktrees/k3-happy/model/k3
pricer 0xda52b25ddb0e3b9cc393b0690ac62245ac772527, model k3, weightsHash 0x745cd5f814984c9433d1055e47248d2cfd6a5ecfe0ae5d5e24fbc8b21303523f
  contract size: 23.9 KB (23920 bytes)
  certified observationsRemaining 1..26, featureSpecVersion 1

== 2. MockUSDG, MockChainlinkFeed, SeriesFactory, NoteQuoter, Desk
USDG     0x1294b86822ff4976BfE136cB06CF43eC7FCF2574
FEED     0xA6E41fFD769491a42A6e5Ce453259b93983a22EF
FACTORY  0xe1080224B632A93951A7CFA33EeEa9Fd81558b5e
QUOTER   0x7E32b54800705876d3b5cFbc7d9c226a211F7C1a
DESK     0x525c2aBA45F66987217323E8a05EA400C65D06DC

== 3. Staged feed history: strike 2026-07-16 06:08:23 UTC, 10 past observations, next at +240s
rounds 18446744073709551628 (2^64 + n); current spot 8500 bps of initial

== 4. Series (ki 60%, ac 100%, 25 bps/week, 26 weekly observations), past fixings
series 0x042B04c8492eecb30ed9A1f6d94732fC161c1929, NOTE 0x0CF3D9AE88753D77159Ee253C3949C50Bad1B1a8, recorder 0xb504Bb80148e8A7914712622654508367853b2e9, maxPayoutPerNote 1067500
recorded strike + 10 observations; phase 1 (1 = Live), initial 25000000000, observationsDone 10, knockedIn true

== 5. LP deposits 100,000.000000 USDG
LP shares 100000000000000000 (12 decimals), Desk totalAssets 100,000.000000

== 6. Curator lists the series with the Stylus pricer, vol 5500 +- 200 (certified 2000..9000); spread 20/30 bps, risk budget 2000 bps
listing: (true, 0xda52b25ddB0e3B9CC393b0690Ac62245Ac772527, 5500, 50000000000 [5e10], 0)

== 7. Buyer buys 10,000.000000 NOTE (fee 20 bps to the integrator)
quoteBuy: 8,988.000000 USDG at 8968 bps; maxCost 9,032.940000
  model saw (8500, 2500, 5300, 6000, 10000, 25, 9677031, 231, 16, 1)
  NOTE quotes at vol 5300 / 5700: lo 8903 (vol 5700), hi 8938 (vol 5300); buyNote prices at vol 5300
  model clean price 8664 bps + accrued coupon 274 bps = NOTE quote 8938 bps; buyNote traded at 8968 bps
  amount 10,000.000000, USDG 8,988.000000, fee 20 bps to 0x3f1Eae7D46d88F08fc2F8ed27FCb2AB183EB2d0E, weightsHash 0x745cd5f814984c9433d1055e47248d2cfd6a5ecfe0ae5d5e24fbc8b21303523f
  gas used 3231042, of which L1 data 2456000, L2 execution 775042 (quote incl. the Stylus model, mint or unwind, transfers)
buyer NOTE 10,000.000000
Desk holds NOTE 0.000000, WRITER 10,000.000000; at risk 1,754.000000 of a budget of 20,011.400000 USDG

== 7b. Hedger buys 12,000.000000 WRITER as cover: pays the premium, the Desk funds the pairs
risk budget first (quotes don't check it): 18,257.400000 USDG of room
quoteBuyCover: 2,257.920000 USDG at 1792 bps incl. a fee of 500 bps of the premium (a pair locks 12,810.000000); maxCost 2,303.078400
  model saw (8500, 2500, 5700, 6000, 10000, 25, 9677029, 229, 16, 1)
  NOTE quotes at vol 5300 / 5700: lo 8903 (vol 5700), hi 8938 (vol 5300); buyCover prices at vol 5700
  model clean price 8629 bps + accrued coupon 274 bps = NOTE quote 8903 bps; buyCover traded at 1792 bps
  amount 12,000.000000, USDG 2,257.920000, fee 500 bps to 0x3f1Eae7D46d88F08fc2F8ed27FCb2AB183EB2d0E, weightsHash 0x745cd5f814984c9433d1055e47248d2cfd6a5ecfe0ae5d5e24fbc8b21303523f
  gas used 3130637, of which L1 data 2488000, L2 execution 642637 (quote incl. the Stylus model, mint or unwind, transfers)
Desk holds NOTE 2,000.000000, WRITER 0.000000; at risk 1,649.200000 of a budget of 20,031.272000 USDG

== 8. Buyer sells 4,000.000000 NOTE back mid-life (early exit)
quoteSell: 3,545.200000 USDG at 8883 bps; minProceeds 3,527.474000
  model saw (8500, 2500, 5700, 6000, 10000, 25, 9677028, 228, 16, 1)
  NOTE quotes at vol 5300 / 5700: lo 8903 (vol 5700), hi 8938 (vol 5300); sellNote prices at vol 5700
  model clean price 8629 bps + accrued coupon 274 bps = NOTE quote 8903 bps; sellNote traded at 8883 bps
  amount 4,000.000000, USDG 3,545.200000, fee 20 bps to 0x3f1Eae7D46d88F08fc2F8ed27FCb2AB183EB2d0E, weightsHash 0x745cd5f814984c9433d1055e47248d2cfd6a5ecfe0ae5d5e24fbc8b21303523f
  gas used 3008144, of which L1 data 2456000, L2 execution 552144 (quote incl. the Stylus model, mint or unwind, transfers)
Desk holds NOTE 6,000.000000, WRITER 0.000000; at risk 4,947.600000 of a budget of 20,035.112000 USDG
sold with observationsRemaining 16
Desk totalAssets 100,175.560000 USDG (NOTE/WRITER marked at the model's quote)

== 9. Waiting 230s for observation 11 at 06:08:23 UTC
fixing pending: maxRedeem 0, but the LP queues 20000000000000000 shares (20%) for redemption
fixing 10200 bps of initial -> phase 2 (2 = Settled), autocalled true, knockedIn true, observationsDone 11
payoutPerNote 1027500 (= 1 + 25 bps x 11)

== 10. Redeem, collect, LP withdraw
buyer redeemed 6,000.000000 NOTE for 6,165.000000 USDG
hedger redeemed 12,000.000000 WRITER for 480.000000 USDG (the coupons the autocall left unpaid)
Desk collected 6,165.000000 USDG for its NOTE
queue processed: 20000000000000000 shares filled for 20,197.591999 USDG, claimed by the LP
LP redeemed the other 80000000000000000 of 100000000000000000 shares; in total 100,987.959999 USDG (deposited 100,000.000000; P&L 987.959999)
left over: Desk 1, series escrow 0 base units

== E2E PASS: model k3 (0x745cd5f814984c9433d1055e47248d2cfd6a5ecfe0ae5d5e24fbc8b21303523f), sell at observationsRemaining 16
