
== 0. Nitro dev node (offchainlabs/nitro-node:v3.11.4-7d5ac27) on http://127.0.0.1:8647
chain id 412346, dev account 0x3f1Eae7D46d88F08fc2F8ed27FCb2AB183EB2d0E (1000.000000000000000000 ETH)

== 1. Stylus pricer from /opt/ai/surrogate-pricer/model/k2
pricer 0xda52b25ddb0e3b9cc393b0690ac62245ac772527, model k2, weightsHash 0xaf76ddf21ca24495bf0540bd54d3d65bef81ea81ddacb55c3e79d64b1266cd8a
  contract size: 23.9 KB (23907 bytes)
  certified observationsRemaining 1..26, featureSpecVersion 1

== 2. MockUSDG, MockChainlinkFeed, SeriesFactory, NoteQuoter, Desk
USDG     0x1294b86822ff4976BfE136cB06CF43eC7FCF2574
FEED     0xA6E41fFD769491a42A6e5Ce453259b93983a22EF
FACTORY  0xe1080224B632A93951A7CFA33EeEa9Fd81558b5e
QUOTER   0x7E32b54800705876d3b5cFbc7d9c226a211F7C1a
DESK     0x525c2aBA45F66987217323E8a05EA400C65D06DC

== 3. Staged feed history: strike 2026-07-15 03:21:47 UTC, 10 past observations, next at +240s
rounds 18446744073709551628 (2^64 + n); current spot 8500 bps of initial

== 4. Series (ki 60%, ac 100%, 25 bps/week, 26 weekly observations), past fixings
series 0x39C42662cCA9113D6892979a8270109a83aE11a6, NOTE 0x8939C0D27E020B06DfAA555ca395a403Df2B0F91, recorder 0xb504Bb80148e8A7914712622654508367853b2e9, maxPayoutPerNote 1067500
recorded strike + 10 observations; phase 1 (1 = Live), initial 25000000000, observationsDone 10, knockedIn true

== 5. LP deposits 100,000.000000 USDG
LP shares 100000000000000000 (12 decimals), Desk totalAssets 100,000.000000

== 6. Curator lists the series with the Stylus pricer, vol 5500
listing: (true, 0xda52b25ddB0e3B9CC393b0690Ac62245Ac772527, 5500, 50000000000 [5e10], 0)

== 7. Buyer buys 10,000.000000 NOTE (fee 20 bps to the integrator)
quoteBuy: 8,864.000000 USDG at 8844 bps; maxCost 8,908.320000
  model saw (8500, 2500, 5500, 6000, 10000, 25, 9677031, 231, 16, 1)
  model clean price 8570 bps + accrued coupon 274 bps = quote 8844 bps; traded at 8844 bps
  amount 10,000.000000 NOTE, USDG 8,864.000000, fee 20 bps to 0x3f1Eae7D46d88F08fc2F8ed27FCb2AB183EB2d0E, weightsHash 0xaf76ddf21ca24495bf0540bd54d3d65bef81ea81ddacb55c3e79d64b1266cd8a
  gas used 2881983, of which L1 data 2384000, L2 execution 497983 (quote incl. the Stylus model, mint or unwind, transfers)
buyer NOTE 10,000.000000, Desk WRITER 10,000.000000

== 8. Buyer sells 4,000.000000 NOTE back mid-life (early exit)
quoteSell: 3,529.600000 USDG at 8844 bps; minProceeds 3,511.952000
  model saw (8500, 2500, 5500, 6000, 10000, 25, 9677030, 230, 16, 1)
  model clean price 8570 bps + accrued coupon 274 bps = quote 8844 bps; traded at 8844 bps
  amount 4,000.000000 NOTE, USDG 3,529.600000, fee 20 bps to 0x3f1Eae7D46d88F08fc2F8ed27FCb2AB183EB2d0E, weightsHash 0xaf76ddf21ca24495bf0540bd54d3d65bef81ea81ddacb55c3e79d64b1266cd8a
  gas used 2755417, of which L1 data 2440000, L2 execution 315417 (quote incl. the Stylus model, mint or unwind, transfers)
sold with observationsRemaining 16
Desk totalAssets 100,005.600000 USDG (NOTE/WRITER marked at the model's quote)

== 9. Waiting 231s for observation 11 at 03:21:47 UTC
fixing 10200 bps of initial -> phase 2 (2 = Settled), autocalled true, knockedIn true, observationsDone 11
payoutPerNote 1027500 (= 1 + 25 bps x 11)

== 10. Redeem, collect, LP withdraw
buyer redeemed 6,000.000000 NOTE for 6,165.000000 USDG
Desk collected 240.000000 USDG for its WRITER
LP redeemed 99999999999991396 of 100000000000000000 shares for 99,146.999999 USDG (deposited 100,000.000000; P&L -853.000001)
left over: Desk 1, series escrow 0 base units

== E2E PASS: model k2 (0xaf76ddf21ca24495bf0540bd54d3d65bef81ea81ddacb55c3e79d64b1266cd8a), sell at observationsRemaining 16
