
== 0. Nitro dev node (offchainlabs/nitro-node:v3.11.4-7d5ac27) on http://127.0.0.1:8657
chain id 412346, dev account 0x3f1Eae7D46d88F08fc2F8ed27FCb2AB183EB2d0E (1000.000000000000000000 ETH)

== 1. Stylus PerpPricer from /opt/ai/surrogate-pricer-backend/model/synthetic-p
pricer 0xda52b25ddb0e3b9cc393b0690ac62245ac772527, model synthetic-p, weightsHash 0x39a1cdea54d2457149c068026c14a6711f3f7406a63dbf77ca02e554953e522a
  contract size: 10.7 KB (10709 bytes)
  product (knock-in bps, melt share, interval, drift bps, discount bps) (6000,18995352771274247,604800,400,0)
  certified vol 2000..9000 bps

== 2. MockUSDG, MockChainlinkFeed, SeriesFactory (recorders), PerpFactory, PerpQuoter, PerpDesk
USDG       0x1294b86822ff4976BfE136cB06CF43eC7FCF2574
FEED       0xA6E41fFD769491a42A6e5Ce453259b93983a22EF
V1_FACTORY 0xe1080224B632A93951A7CFA33EeEa9Fd81558b5e
FACTORY    0x7E32b54800705876d3b5cFbc7d9c226a211F7C1a
QUOTER     0x525c2aBA45F66987217323E8a05EA400C65D06DC
DESK       0x85D9a8a4bd77b9b5559c1B7FCb8eC9635922Ed49

== 3. Staged feed history: first fixing 2026-08-21 01:40:53 UTC, 5 fixings since, the next at +240s
rounds 18446744073709551623 (2^64 + n); current spot 8840 bps of the first fixing

== 4. Perpetual series (k 60%, melt share 1.8995% per weekly fixing, coupon reserve 23.5%), past fixings
series 0x945ee0EF3C7970c19c78ee3d69aE154290a78b9F, NOTE 0xeC4bbbb43865f2Ba11Aa5170EE6Ab84a83a2530c, WRITER 0x02C88C53e01190d2974e5d5B6373b07994de320b, recorder 0xB9465980Cb7fA753a0DafbDcb78E1D28a5F37aE5
phase 1 (1 = Live), reference 26000000000 (the high at fixing 2), fixingsDone 5, knockedIn false
notional per token 0.908563579224513 (= (1 - a)^5), NOTE index 112923979657726461949602032, WRITER index 0
  = tools/perp_vectors.py (the Python twin of the fixing rule)

== 5. LP deposits 100,000.000000 USDG
LP shares 100000000000000000 (12 decimals), Desk totalAssets 100,000.000000

== 6. Curator lists the series: vol 5500 +- 200 bps, next earnings 2026-11-01; spread 20/30 bps, risk budget 2000 bps
listing: (true, 0xda52b25ddB0e3B9CC393b0690Ac62245Ac772527, 5500, 1793497013 [1.793e9], 50000000000 [5e10])

== 7. Buyer buys 10,000.000000 NOTE tokens (fee 20 bps to the integrator)
quote: 9,280.976963 USDG at 10195 bps of notional; maxCost 9,327.381847
  vol 5300: inputs (8500, 5300, 233, 5, 0) -> formula 7823 bps, correction -8 bps, coupon 2350 bps = NOTE 10165 bps
  vol 5700: inputs (8500, 5700, 233, 5, 0) -> formula 7608 bps, correction -8 bps, coupon 2350 bps = NOTE 9950 bps
  NOTE quotes lo 9950, hi 10165 bps; buyNote traded at 10195 bps: 10000000000 tokens = 9,085.635792 USDG of notional, paid 9,280.976963 USDG
  L2 execution gas 743131 (the quotes: closed form in Solidity + the model, twice with a vol band; mint or unwind; transfers)
Desk holds NOTE 0.000000, WRITER 10,000.000000; released to it 0.000000; at risk 2,084.244850 of a budget of 20,027.075194 USDG

== 7b. Hedger buys 12,000.000000 WRITER tokens as cover: pays the premium, the Desk funds the pairs
risk budget first (quotes don't check it): 17,942.830344 USDG of room
quote: 2,770.392067 USDG at 2420 bps incl. a fee of 500 bps of the premium; maxCost 2,825.799908
  vol 5300: inputs (8500, 5300, 228, 5, 0) -> formula 7823 bps, correction -8 bps, coupon 2350 bps = NOTE 10165 bps
  vol 5700: inputs (8500, 5700, 228, 5, 0) -> formula 7608 bps, correction -8 bps, coupon 2350 bps = NOTE 9950 bps
  NOTE quotes lo 9950, hi 10165 bps; buyCover traded at 2420 bps: 12000000000 tokens = 10,902.762950 USDG of notional, paid 2,770.392067 USDG
  L2 execution gas 570633 (the quotes: closed form in Solidity + the model, twice with a vol band; mint or unwind; transfers)
Desk holds NOTE 2,000.000000, WRITER 0.000000; released to it 0.000000; at risk 1,400.278188 of a budget of 20,067.742500 USDG

== 7c. Buyer wraps 3,000.000000 NOTE: shares for a holder that never claims
wrapper 0x11673B5eF84c5e30898246fBf5499a6080Ce50Ca ("wpNOTE-0x50401178"), shares 3000000000000000 (12 decimals) for 3,000.000000 NOTE

== 8. Buyer sells 2,000.000000 NOTE tokens back
quote: 1,800.773013 USDG at 9930 bps; minProceeds 1,791.769148
  vol 5300: inputs (8500, 5300, 222, 5, 0) -> formula 7823 bps, correction -8 bps, coupon 2350 bps = NOTE 10165 bps
  vol 5700: inputs (8500, 5700, 222, 5, 0) -> formula 7608 bps, correction -8 bps, coupon 2350 bps = NOTE 9950 bps
  NOTE quotes lo 9950, hi 10165 bps; sellNote traded at 9930 bps: 2000000000 tokens = 1,817.127158 USDG of notional, paid 1,800.773013 USDG
  L2 execution gas 477452 (the quotes: closed form in Solidity + the model, twice with a vol band; mint or unwind; transfers)
Desk holds NOTE 4,000.000000, WRITER 0.000000; released to it 0.000000; at risk 2,800.556376 of a budget of 20,072.685086 USDG
Desk totalAssets 100,363.425433 USDG (NOTE and WRITER marked at the quote)

== 9. Waiting 220s for fixing 6 at 01:40:53 UTC
fixing pending: maxRedeem 0, but the LP queues 20000000000000000 shares (20%) for redemption
fixing at 5980 bps of the first fixing = 57.5% of the reference: knockedIn true, fixingsDone 6, nothing settles
released per token (1e27): NOTE 13979373419025973312919101 (a x (0.575 + R)), WRITER 7334856423563010688877307 (a x 0.425): the hedger's cover pays

== 10. The fixing's USDG: holders claim, the Desk collects, the wrapper reinvests
buyer (NOTE) claimed 69.896867 USDG for 5,000.000000 tokens
hedger (WRITER) claimed 88.018277 USDG for 12,000.000000 tokens
Desk collected 55.917493 USDG for its 4,000.000000 NOTE
wrapper: 41.938120 USDG released, reinvested at the Desk: now 3,058.096660 NOTE for the same 3000000000000000 shares
Desk holds NOTE 3,941.903340, WRITER 0.000000; released to it 0.000000; at risk 1,992.822331 of a budget of 19,925.031058 USDG

== 11. Unwind: unwrap, sell everything back, queue paid, LP out
buyer unwrapped 3000000000000000 shares; holds 8,058.096659 NOTE
  vol 5300: inputs (6000, 5300, 604791, 4, 1) -> formula 5738 bps, correction -19 bps, coupon 2350 bps = NOTE 8069 bps
  vol 5700: inputs (6000, 5700, 604791, 4, 1) -> formula 5644 bps, correction -19 bps, coupon 2350 bps = NOTE 7975 bps
  NOTE quotes lo 7975, hi 8069 bps; sellNote traded at 7955 bps: 8058096659 tokens = 7,182.222596 USDG of notional, paid 5,713.458075 USDG
  L2 execution gas 654585 (the quotes: closed form in Solidity + the model, twice with a vol band; mint or unwind; transfers)
  vol 5300: inputs (6000, 5300, 604788, 4, 1) -> formula 5738 bps, correction -19 bps, coupon 2350 bps = NOTE 8069 bps
  vol 5700: inputs (6000, 5700, 604788, 4, 1) -> formula 5644 bps, correction -19 bps, coupon 2350 bps = NOTE 7975 bps
  NOTE quotes lo 7975, hi 8069 bps; sellCover traded at 4251 bps: 12000000000 tokens = 10,695.661122 USDG of notional, paid 4,546.725543 USDG
  L2 execution gas 511978 (the quotes: closed form in Solidity + the model, twice with a vol band; mint or unwind; transfers)
queue processed: 20000000000000000 shares filled for 19,925.031058 USDG, claimed by the LP
LP redeemed the other 79999999999997878 of 100000000000000000 shares (2122 left, a rounding sliver); in total 99,755.632771 USDG (deposited 100,000.000000; P&L -244.367229)
buyer P&L -1,696.849008, hedger P&L 1,864.351753, integrator fees 76.864479 USDG
left over: Desk 1, series escrow 4, wrapper 0 base units
USDG conserved: every base unit minted is with the LP, the buyer, the hedger, the integrator or in that dust

== E2E PASS: perpetual note, pricer stylus synthetic-p (0x39a1cdea54d2457149c068026c14a6711f3f7406a63dbf77ca02e554953e522a)
