
== 0. Nitro dev node (offchainlabs/nitro-node:v3.11.4-7d5ac27) on http://127.0.0.1:8657
chain id 412346, dev account 0x3f1Eae7D46d88F08fc2F8ed27FCb2AB183EB2d0E (1000.000000000000000000 ETH)

== 1. PerpFormulaPricer (no student: the closed form and the fixing accrual)
pricer 0xda52b25ddB0e3B9CC393b0690Ac62245Ac772527, weightsHash 0x7d1bba86df2c49f0c7ad7d041ebb89b7d545dc3a04b04b72d7883c8780c04eca
  product (knock-in bps, melt share, interval, drift bps, discount bps) (6000,18995352771274247,604800,400,0)
  certified vol 2000..9000 bps

== 2. MockUSDG, MockChainlinkFeed, SeriesFactory (recorders), PerpFactory, PerpQuoter, PerpDesk
USDG       0x11B57FE348584f042E436c6Bf7c3c3deF171de49
FEED       0x1294b86822ff4976BfE136cB06CF43eC7FCF2574
V1_FACTORY 0xA6E41fFD769491a42A6e5Ce453259b93983a22EF
FACTORY    0xe1080224B632A93951A7CFA33EeEa9Fd81558b5e
QUOTER     0x7E32b54800705876d3b5cFbc7d9c226a211F7C1a
DESK       0x525c2aBA45F66987217323E8a05EA400C65D06DC

== 3. Staged feed history: first fixing 2026-08-21 01:25:25 UTC, 5 fixings since, the next at +240s
rounds 18446744073709551623 (2^64 + n); current spot 8840 bps of the first fixing

== 4. Perpetual series (k 60%, melt share 1.8995% per weekly fixing, coupon reserve 23.5%), past fixings
series 0xa969cd8ab4168D2D88f3760296755ee78abB3840, NOTE 0xD51de6e3f47F450dd541c7F9C8D1573649C3A285, WRITER 0x260867C9d54b9691a100F81De769482e8481048F, recorder 0x717694a2b50E382Fe65a4f4752d448426b37aA96
phase 1 (1 = Live), reference 26000000000 (the high at fixing 2), fixingsDone 5, knockedIn false
notional per token 0.908563579224513 (= (1 - a)^5), NOTE index 112923979657726461949602032, WRITER index 0
  = tools/perp_vectors.py (the Python twin of the fixing rule)

== 5. LP deposits 100,000.000000 USDG
LP shares 100000000000000000 (12 decimals), Desk totalAssets 100,000.000000

== 6. Curator lists the series: vol 5500 +- 200 bps, next earnings 2026-11-01; spread 20/30 bps, risk budget 2000 bps
listing: (true, 0xda52b25ddB0e3B9CC393b0690Ac62245Ac772527, 5500, 1793496085 [1.793e9], 50000000000 [5e10])

== 7. Buyer buys 10,000.000000 NOTE tokens (fee 20 bps to the integrator)
quote: 9,325.496578 USDG at 10244 bps of notional; maxCost 9,372.124060
  vol 5300: inputs (8500, 5300, 232, 5, 0) -> formula 7823 bps, correction 41 bps, coupon 2350 bps = NOTE 10214 bps
  vol 5700: inputs (8500, 5700, 232, 5, 0) -> formula 7608 bps, correction 45 bps, coupon 2350 bps = NOTE 10003 bps
  NOTE quotes lo 10003, hi 10214 bps; buyNote traded at 10244 bps: 10000000000 tokens = 9,085.635792 USDG of notional, paid 9,325.496578 USDG
  L2 execution gas 753381 (the quotes: closed form in Solidity + the model, twice with a vol band; mint or unwind; transfers)
Desk holds NOTE 0.000000, WRITER 10,000.000000; released to it 0.000000; at risk 2,037.908108 of a budget of 20,026.711769 USDG

== 7b. Hedger buys 12,000.000000 WRITER tokens as cover: pays the premium, the Desk funds the pairs
risk budget first (quotes don't check it): 17,988.803661 USDG of room
quote: 2,709.718191 USDG at 2367 bps incl. a fee of 500 bps of the premium; maxCost 2,763.912554
  vol 5300: inputs (8500, 5300, 227, 5, 0) -> formula 7823 bps, correction 41 bps, coupon 2350 bps = NOTE 10214 bps
  vol 5700: inputs (8500, 5700, 227, 5, 0) -> formula 7608 bps, correction 45 bps, coupon 2350 bps = NOTE 10003 bps
  NOTE quotes lo 10003, hi 10214 bps; buyCover traded at 2367 bps: 12000000000 tokens = 10,902.762950 USDG of notional, paid 2,709.718191 USDG
  L2 execution gas 580883 (the quotes: closed form in Solidity + the model, twice with a vol band; mint or unwind; transfers)
Desk holds NOTE 2,000.000000, WRITER 0.000000; released to it 0.000000; at risk 1,409.545536 of a budget of 20,066.654041 USDG

== 7c. Buyer wraps 3,000.000000 NOTE: shares for a holder that never claims
wrapper 0xBd7f7c83BdBABfD65a98c6D2AFc9261F3d2Eb03B ("wpNOTE-0x3ab62144"), shares 3000000000000000 (12 decimals) for 3,000.000000 NOTE

== 8. Buyer sells 2,000.000000 NOTE tokens back
quote: 1,810.403787 USDG at 9983 bps; minProceeds 1,801.351769
  vol 5300: inputs (8500, 5300, 220, 5, 0) -> formula 7823 bps, correction 41 bps, coupon 2350 bps = NOTE 10214 bps
  vol 5700: inputs (8500, 5700, 220, 5, 0) -> formula 7608 bps, correction 45 bps, coupon 2350 bps = NOTE 10003 bps
  NOTE quotes lo 10003, hi 10214 bps; sellNote traded at 9983 bps: 2000000000 tokens = 1,817.127158 USDG of notional, paid 1,810.403787 USDG
  L2 execution gas 487702 (the quotes: closed form in Solidity + the model, twice with a vol band; mint or unwind; transfers)
Desk holds NOTE 4,000.000000, WRITER 0.000000; released to it 0.000000; at risk 2,819.091073 of a budget of 20,071.523942 USDG
Desk totalAssets 100,357.619711 USDG (NOTE and WRITER marked at the quote)

== 9. Waiting 218s for fixing 6 at 01:25:25 UTC
fixing pending: maxRedeem 0, but the LP queues 20000000000000000 shares (20%) for redemption
fixing at 5980 bps of the first fixing = 57.5% of the reference: knockedIn true, fixingsDone 6, nothing settles
released per token (1e27): NOTE 13979373419025973312919101 (a x (0.575 + R)), WRITER 7334856423563010688877307 (a x 0.425): the hedger's cover pays

== 10. The fixing's USDG: holders claim, the Desk collects, the wrapper reinvests
buyer (NOTE) claimed 69.896867 USDG for 5,000.000000 tokens
hedger (WRITER) claimed 88.018277 USDG for 12,000.000000 tokens
Desk collected 55.917493 USDG for its 4,000.000000 NOTE
wrapper: 41.938120 USDG released, reinvested at the Desk: now 3,057.960686 NOTE for the same 3000000000000000 shares
Desk holds NOTE 3,942.039314, WRITER 0.000000; released to it 0.000000; at risk 1,999.566837 of a budget of 19,921.517571 USDG

== 11. Unwind: unwrap, sell everything back, queue paid, LP out
buyer unwrapped 3000000000000000 shares; holds 8,057.960685 NOTE
  vol 5300: inputs (6000, 5300, 604792, 4, 1) -> formula 5738 bps, correction 0 bps, coupon 2350 bps = NOTE 8088 bps
  vol 5700: inputs (6000, 5700, 604792, 4, 1) -> formula 5644 bps, correction 0 bps, coupon 2350 bps = NOTE 7994 bps
  NOTE quotes lo 7994, hi 8088 bps; sellNote traded at 7974 bps: 8057960685 tokens = 7,182.101401 USDG of notional, paid 5,727.007657 USDG
  L2 execution gas 654077 (the quotes: closed form in Solidity + the model, twice with a vol band; mint or unwind; transfers)
  vol 5300: inputs (6000, 5300, 604788, 4, 1) -> formula 5738 bps, correction 0 bps, coupon 2350 bps = NOTE 8088 bps
  vol 5700: inputs (6000, 5700, 604788, 4, 1) -> formula 5644 bps, correction 0 bps, coupon 2350 bps = NOTE 7994 bps
  NOTE quotes lo 7994, hi 8088 bps; sellCover traded at 4232 bps: 12000000000 tokens = 10,695.661122 USDG of notional, paid 4,526.403786 USDG
  L2 execution gas 512595 (the quotes: closed form in Solidity + the model, twice with a vol band; mint or unwind; transfers)
queue processed: 20000000000000000 shares filled for 19,921.517571 USDG, claimed by the LP
LP redeemed the other 79999999999997701 of 100000000000000000 shares (2299 left, a rounding sliver); in total 99,738.064527 USDG (deposited 100,000.000000; P&L -261.935473)
buyer P&L -1,718.188267, hedger P&L 1,904.703872, integrator fees 75.419863 USDG
left over: Desk 1, series escrow 4, wrapper 0 base units
USDG conserved: every base unit minted is with the LP, the buyer, the hedger, the integrator or in that dust

== E2E PASS: perpetual note, pricer formula  (0x7d1bba86df2c49f0c7ad7d041ebb89b7d545dc3a04b04b72d7883c8780c04eca)
