# python ml/round2.py --train /opt/ai/cache/sp-student/train_s1.npz /opt/ai/cache/sp-student/steep_s1.npz --val k2_val_labels.npz --epochs 2000 --widths 64,48,40,40 --device cuda:1 --out-dir /opt/ai/cache/sp-student/runs/e_s1steep_64-48-40-40
train 800000 rows (2.9% in bands, label se mean 4.1 max 9.2); val 109400 rows (98030 outside bands, se max 3.24); params 7465; device cuda:1
mse ep   100 loss 6.885e-04  V out-band max   151.8 p99   60.2 mean 14.40  best   151.8@('mse', 100)  (87s)
mse ep   200 loss 2.369e-04  V out-band max    93.5 p99   36.2 mean  9.00  best    79.1@('mse', 190)  (173s)
mse ep   300 loss 2.653e-04  V out-band max    65.0 p99   25.7 mean  6.49  best    56.2@('mse', 260)  (250s)
mse ep   400 loss 1.712e-04  V out-band max    48.5 p99   21.5 mean  5.42  best    48.5@('mse', 400)  (329s)
mse ep   500 loss 1.120e-04  V out-band max    49.4 p99   19.9 mean  4.95  best    37.0@('mse', 470)  (409s)
mse ep   600 loss 1.832e-04  V out-band max    32.1 p99   17.2 mean  4.16  best    32.1@('mse', 600)  (493s)
mse ep   700 loss 1.281e-04  V out-band max    33.3 p99   15.8 mean  3.73  best    30.8@('mse', 660)  (578s)
mse ep   800 loss 1.272e-05  V out-band max    32.0 p99   14.6 mean  3.46  best    30.8@('mse', 660)  (657s)
mse ep   900 loss 2.969e-05  V out-band max    29.0 p99   13.2 mean  3.10  best    29.0@('mse', 900)  (734s)
mse ep  1000 loss 2.018e-05  V out-band max    28.1 p99   12.4 mean  2.86  best    27.9@('mse', 990)  (827s)
mse ep  1100 loss 2.185e-05  V out-band max    28.5 p99   11.7 mean  2.70  best    27.9@('mse', 990)  (924s)
mse ep  1200 loss 1.059e-05  V out-band max    27.5 p99   11.1 mean  2.55  best    27.5@('mse', 1200)  (1015s)
mse ep  1300 loss 1.499e-05  V out-band max    26.1 p99   10.7 mean  2.45  best    26.1@('mse', 1300)  (1107s)
mse ep  1400 loss 1.016e-05  V out-band max    23.9 p99   10.4 mean  2.36  best    23.9@('mse', 1400)  (1194s)
mse ep  1500 loss 8.582e-06  V out-band max    22.7 p99   10.1 mean  2.29  best    22.7@('mse', 1500)  (1284s)
mse ep  1600 loss 8.261e-06  V out-band max    21.3 p99    9.9 mean  2.24  best    21.3@('mse', 1600)  (1382s)
mse ep  1700 loss 7.996e-06  V out-band max    20.7 p99    9.8 mean  2.21  best    20.7@('mse', 1690)  (1475s)
mse ep  1800 loss 7.838e-06  V out-band max    20.6 p99    9.7 mean  2.19  best    20.6@('mse', 1800)  (1574s)
mse ep  1900 loss 7.705e-06  V out-band max    20.5 p99    9.6 mean  2.18  best    20.5@('mse', 1890)  (1656s)
mse ep  2000 loss 7.649e-06  V out-band max    20.5 p99    9.6 mean  2.17  best    20.5@('mse', 2000)  (1746s)

selected ('mse', 2000) (V float out-band max 20.5); quantization |int - float| max 2.13 bps
== V, INTEGER student vs teacher ==
region (outside exclusions unless stated)        n      max      p99    mean
outside exclusions (GATE)                    98030     20.4      9.7    2.19
inside exclusions (refused on-chain)         11370   2182.0    154.1   19.50
near ki (5500-6500)                          31526     17.8      9.4    2.15
near ac (9500-10500)                         15632     20.4     12.2    2.90
obs 1-2                                      23874     17.8      9.3    1.93
obs 3-6                                      21611     17.9      9.6    2.31
obs 7-13                                     20847     19.6      9.3    2.21
obs 14-20                                    13939     15.7      8.9    2.22
obs 21-26                                    17759     20.4     11.7    2.38
tNext 0                                       3080     18.3      9.2    1.88
tNext (0,1d]                                  8188     19.6      9.1    1.84
tNext (1d,2d]                                32528     20.4     10.8    2.28
tNext (2d,4d]                                24925     15.8      8.9    2.09
tNext (4d,7d]                                29309     18.2      9.2    2.31
knockedIn 0                                  61768     20.4     10.4    2.43
knockedIn 1                                  36262     17.9      7.7    1.79
  worst {'spot': 9805, 'tNext': 86401, 'obs': 23, 'knockedIn': 0, 'err': 20.41392169647952}
  worst {'spot': 9825, 'tNext': 93600, 'obs': 24, 'knockedIn': 0, 'err': 20.125429913565313}
  worst {'spot': 9815, 'tNext': 86401, 'obs': 24, 'knockedIn': 0, 'err': 19.783788567521697}
  worst {'spot': 7825, 'tNext': 1800, 'obs': 10, 'knockedIn': 0, 'err': -19.593110461426477}
  worst {'spot': 9775, 'tNext': 93600, 'obs': 24, 'knockedIn': 0, 'err': 19.45726334648498}
  worst {'spot': 9795, 'tNext': 86401, 'obs': 23, 'knockedIn': 0, 'err': 19.250889327353434}
  worst {'spot': 10205, 'tNext': 86401, 'obs': 24, 'knockedIn': 0, 'err': -19.02645275980467}
  worst {'spot': 10195, 'tNext': 86401, 'obs': 24, 'knockedIn': 0, 'err': -18.829051388063817}
  worst {'spot': 9805, 'tNext': 86401, 'obs': 24, 'knockedIn': 0, 'err': 18.685038600568078}
  worst {'spot': 10075, 'tNext': 86401, 'obs': 23, 'knockedIn': 0, 'err': -18.62515582960259}
done in 1756s -> /opt/ai/cache/sp-student/runs/e_s1steep_64-48-40-40
